Component: ARM Compiler 5.06 update 6 (build 750) Tool: armlink [4d35ed]

==============================================================================

Section Cross References

    startup_stm32f429_439xx.o(RESET) refers to startup_stm32f429_439xx.o(STACK) for __initial_sp
    startup_stm32f429_439xx.o(RESET) refers to startup_stm32f429_439xx.o(.text) for Reset_Handler
    startup_stm32f429_439xx.o(RESET) refers to stm32f4xx_it.o(i.NMI_Handler) for NMI_Handler
    startup_stm32f429_439xx.o(RESET) refers to stm32f4xx_it.o(i.HardFault_Handler) for HardFault_Handler
    startup_stm32f429_439xx.o(RESET) refers to stm32f4xx_it.o(i.MemManage_Handler) for MemManage_Handler
    startup_stm32f429_439xx.o(RESET) refers to stm32f4xx_it.o(i.BusFault_Handler) for BusFault_Handler
    startup_stm32f429_439xx.o(RESET) refers to stm32f4xx_it.o(i.UsageFault_Handler) for UsageFault_Handler
    startup_stm32f429_439xx.o(RESET) refers to stm32f4xx_it.o(i.DebugMon_Handler) for DebugMon_Handler
    startup_stm32f429_439xx.o(RESET) refers to stm32f4xx_it.o(i.SysTick_Handler) for SysTick_Handler
    startup_stm32f429_439xx.o(RESET) refers to stm32f4xx_it.o(i.EXTI0_IRQHandler) for EXTI0_IRQHandler
    startup_stm32f429_439xx.o(RESET) refers to stm32f4xx_it.o(i.EXTI1_IRQHandler) for EXTI1_IRQHandler
    startup_stm32f429_439xx.o(RESET) refers to stm32f4xx_it.o(i.EXTI2_IRQHandler) for EXTI2_IRQHandler
    startup_stm32f429_439xx.o(RESET) refers to stm32f4xx_it.o(i.EXTI3_IRQHandler) for EXTI3_IRQHandler
    startup_stm32f429_439xx.o(RESET) refers to stm32f4xx_it.o(i.EXTI4_IRQHandler) for EXTI4_IRQHandler
    startup_stm32f429_439xx.o(RESET) refers to stm32f4xx_it.o(i.CAN1_RX0_IRQHandler) for CAN1_RX0_IRQHandler
    startup_stm32f429_439xx.o(RESET) refers to stm32f4xx_it.o(i.EXTI9_5_IRQHandler) for EXTI9_5_IRQHandler
    startup_stm32f429_439xx.o(RESET) refers to stm32f4xx_it.o(i.TIM2_IRQHandler) for TIM2_IRQHandler
    startup_stm32f429_439xx.o(RESET) refers to stm32f4xx_it.o(i.USART2_IRQHandler) for USART2_IRQHandler
    startup_stm32f429_439xx.o(RESET) refers to stm32f4xx_it.o(i.USART3_IRQHandler) for USART3_IRQHandler
    startup_stm32f429_439xx.o(RESET) refers to stm32f4xx_it.o(i.EXTI15_10_IRQHandler) for EXTI15_10_IRQHandler
    startup_stm32f429_439xx.o(RESET) refers to rtc.o(i.RTC_Alarm_IRQHandler) for RTC_Alarm_IRQHandler
    startup_stm32f429_439xx.o(RESET) refers to fatfs_drv.o(i.SDIO_IRQHandler) for SDIO_IRQHandler
    startup_stm32f429_439xx.o(RESET) refers to fatfs_drv.o(i.DMA2_Stream3_IRQHandler) for DMA2_Stream3_IRQHandler
    startup_stm32f429_439xx.o(RESET) refers to stm32f4xx_it.o(i.CAN2_RX0_IRQHandler) for CAN2_RX0_IRQHandler
    startup_stm32f429_439xx.o(.text) refers to system_stm32f4xx.o(i.SystemInit) for SystemInit
    startup_stm32f429_439xx.o(.text) refers to entry.o(.ARM.Collect$$$$00000000) for __main
    system_stm32f4xx.o(i.SystemCoreClockUpdate) refers to system_stm32f4xx.o(.data) for .data
    system_stm32f4xx.o(i.SystemInit) refers to system_stm32f4xx.o(i.SetSysClock) for SetSysClock
    stm32f4xx_cryp.o(i.CRYP_DeInit) refers to stm32f4xx_rcc.o(i.RCC_AHB2PeriphResetCmd) for RCC_AHB2PeriphResetCmd
    stm32f4xx_flash.o(i.FLASH_EraseAllBank1Sectors) refers to stm32f4xx_flash.o(i.FLASH_WaitForLastOperation) for FLASH_WaitForLastOperation
    stm32f4xx_flash.o(i.FLASH_EraseAllBank2Sectors) refers to stm32f4xx_flash.o(i.FLASH_WaitForLastOperation) for FLASH_WaitForLastOperation
    stm32f4xx_flash.o(i.FLASH_EraseAllSectors) refers to stm32f4xx_flash.o(i.FLASH_WaitForLastOperation) for FLASH_WaitForLastOperation
    stm32f4xx_flash.o(i.FLASH_EraseSector) refers to stm32f4xx_flash.o(i.FLASH_WaitForLastOperation) for FLASH_WaitForLastOperation
    stm32f4xx_flash.o(i.FLASH_OB_Launch) refers to stm32f4xx_flash.o(i.FLASH_WaitForLastOperation) for FLASH_WaitForLastOperation
    stm32f4xx_flash.o(i.FLASH_OB_PCROP1Config) refers to stm32f4xx_flash.o(i.FLASH_WaitForLastOperation) for FLASH_WaitForLastOperation
    stm32f4xx_flash.o(i.FLASH_OB_PCROPConfig) refers to stm32f4xx_flash.o(i.FLASH_WaitForLastOperation) for FLASH_WaitForLastOperation
    stm32f4xx_flash.o(i.FLASH_OB_RDPConfig) refers to stm32f4xx_flash.o(i.FLASH_WaitForLastOperation) for FLASH_WaitForLastOperation
    stm32f4xx_flash.o(i.FLASH_OB_UserConfig) refers to stm32f4xx_flash.o(i.FLASH_WaitForLastOperation) for FLASH_WaitForLastOperation
    stm32f4xx_flash.o(i.FLASH_OB_WRP1Config) refers to stm32f4xx_flash.o(i.FLASH_WaitForLastOperation) for FLASH_WaitForLastOperation
    stm32f4xx_flash.o(i.FLASH_OB_WRPConfig) refers to stm32f4xx_flash.o(i.FLASH_WaitForLastOperation) for FLASH_WaitForLastOperation
    stm32f4xx_flash.o(i.FLASH_ProgramByte) refers to stm32f4xx_flash.o(i.FLASH_WaitForLastOperation) for FLASH_WaitForLastOperation
    stm32f4xx_flash.o(i.FLASH_ProgramDoubleWord) refers to stm32f4xx_flash.o(i.FLASH_WaitForLastOperation) for FLASH_WaitForLastOperation
[...]
    i.CmdResp2Error                          0x080007ec   Section        0  sdio_sd.o(i.CmdResp2Error)
    CmdResp2Error                            0x080007ed   Thumb Code    46  sdio_sd.o(i.CmdResp2Error)
    i.CmdResp6Error                          0x08000820   Section        0  sdio_sd.o(i.CmdResp6Error)
    CmdResp6Error                            0x08000821   Thumb Code   106  sdio_sd.o(i.CmdResp6Error)
    i.DIO_Init                               0x08000890   Section        0  dio.o(i.DIO_Init)
    i.DIO_WriteByte                          0x08000aa8   Section        0  dio.o(i.DIO_WriteByte)
    i.DMA2_Stream3_IRQHandler                0x08000b60   Section        0  fatfs_drv.o(i.DMA2_Stream3_IRQHandler)
    i.DMA_ClearFlag                          0x08000b64   Section        0  stm32f4xx_dma.o(i.DMA_ClearFlag)
    i.DMA_Cmd                                0x08000b90   Section        0  stm32f4xx_dma.o(i.DMA_Cmd)
    i.DMA_DeInit                             0x08000ba4   Section        0  stm32f4xx_dma.o(i.DMA_DeInit)
    i.DMA_FlowControllerConfig               0x08000cc8   Section        0  stm32f4xx_dma.o(i.DMA_FlowControllerConfig)
    i.DMA_ITConfig                           0x08000cdc   Section        0  stm32f4xx_dma.o(i.DMA_ITConfig)
    i.DMA_Init                               0x08000d08   Section        0  stm32f4xx_dma.o(i.DMA_Init)
    i.DOUT_Service                           0x08000d5c   Section        0  dio.o(i.DOUT_Service)
    i.DebugMon_Handler                       0x08000d90   Section        0  stm32f4xx_it.o(i.DebugMon_Handler)
    i.Delay                                  0x08000d94   Section        0  main.o(i.Delay)
    i.EXTI0_IRQHandler                       0x08000da8   Section        0  stm32f4xx_it.o(i.EXTI0_IRQHandler)
    i.EXTI15_10_IRQHandler                   0x08000dc0   Section        0  stm32f4xx_it.o(i.EXTI15_10_IRQHandler)
    i.EXTI1_IRQHandler                       0x08000e0e   Section        0  stm32f4xx_it.o(i.EXTI1_IRQHandler)
    i.EXTI2_IRQHandler                       0x08000e26   Section        0  stm32f4xx_it.o(i.EXTI2_IRQHandler)
    i.EXTI3_IRQHandler                       0x08000e3e   Section        0  stm32f4xx_it.o(i.EXTI3_IRQHandler)
    i.EXTI4_IRQHandler                       0x08000e56   Section        0  stm32f4xx_it.o(i.EXTI4_IRQHandler)
    i.EXTI9_5_IRQHandler                     0x08000e6e   Section        0  stm32f4xx_it.o(i.EXTI9_5_IRQHandler)
    i.EXTI_ClearITPendingBit                 0x08000eb8   Section        0  stm32f4xx_exti.o(i.EXTI_ClearITPendingBit)
    i.EXTI_GetITStatus                       0x08000ec4   Section        0  stm32f4xx_exti.o(i.EXTI_GetITStatus)
    i.FLASH_EraseSector                      0x08000ed8   Section        0  stm32f4xx_flash.o(i.FLASH_EraseSector)
    i.FLASH_GetStatus                        0x08000f44   Section        0  stm32f4xx_flash.o(i.FLASH_GetStatus)
    i.FLASH_If_EraseSectors                  0x08000f80   Section        0  flash_if.o(i.FLASH_If_EraseSectors)
    i.FLASH_If_FlashUnlock                   0x08000fb0   Section        0  flash_if.o(i.FLASH_If_FlashUnlock)
    i.FLASH_If_GetSectorNumber               0x08000fb4   Section        0  flash_if.o(i.FLASH_If_GetSectorNumber)
    FLASH_If_GetSectorNumber                 0x08000fb5   Thumb Code   146  flash_if.o(i.FLASH_If_GetSectorNumber)
    i.FLASH_If_ProgramWord                   0x08001070   Section        0  flash_if.o(i.FLASH_If_ProgramWord)
    i.FLASH_ProgramWord                      0x08001074   Section        0  stm32f4xx_flash.o(i.FLASH_ProgramWord)
    i.FLASH_Unlock                           0x080010b0   Section        0  stm32f4xx_flash.o(i.FLASH_Unlock)
    i.FLASH_WaitForLastOperation             0x080010d4   Section        0  stm32f4xx_flash.o(i.FLASH_WaitForLastOperation)
    i.FMC_GetFlagStatus                      0x080010f2   Section        0  stm32f4xx_fmc.o(i.FMC_GetFlagStatus)
    i.FMC_SDRAMCmdConfig                     0x08001128   Section        0  stm32f4xx_fmc.o(i.FMC_SDRAMCmdConfig)
    i.FMC_SDRAMInit                          0x0800114c   Section        0  stm32f4xx_fmc.o(i.FMC_SDRAMInit)
    i.FMC_SetRefreshCount                    0x0800126c   Section        0  stm32f4xx_fmc.o(i.FMC_SetRefreshCount)
    i.Fail_Handler                           0x0800127e   Section        0  main.o(i.Fail_Handler)
    i.FindSCR                                0x0800128c   Section        0  sdio_sd.o(i.FindSCR)
    FindSCR                                  0x0800128d   Thumb Code   296  sdio_sd.o(i.FindSCR)
    i.GPIO_Init                              0x080013c0   Section        0  stm32f4xx_gpio.o(i.GPIO_Init)
    i.GPIO_PinAFConfig                       0x08001462   Section        0  stm32f4xx_gpio.o(i.GPIO_PinAFConfig)
    i.GPIO_ReadInputDataBit                  0x08001482   Section        0  stm32f4xx_gpio.o(i.GPIO_ReadInputDataBit)
    i.GPIO_ResetBits                         0x08001490   Section        0  stm32f4xx_gpio.o(i.GPIO_ResetBits)
    i.GPIO_SetBits                           0x08001494   Section        0  stm32f4xx_gpio.o(i.GPIO_SetBits)
    i.GPIO_WriteBit                          0x08001498   Section        0  stm32f4xx_gpio.o(i.GPIO_WriteBit)
    i.HardFault_Handler                      0x080014a4   Section        0  stm32f4xx_it.o(i.HardFault_Handler)
    i.I2C2_Init                              0x080014bc   Section        0  i2c_eeprom.o(i.I2C2_Init)
    i.I2C_AcknowledgeConfig                  0x08001500   Section        0  stm32f4xx_i2c.o(i.I2C_AcknowledgeConfig)
    i.I2C_Cmd                                0x08001514   Section        0  stm32f4xx_i2c.o(i.I2C_Cmd)
    i.I2C_DeInit                             0x08001528   Section        0  stm32f4xx_i2c.o(i.I2C_DeInit)
    i.I2C_EEPROM_timeout                     0x0800156c   Section        0  i2c_eeprom.o(i.I2C_EEPROM_timeout)
    i.I2C_EERPOM_Init                        0x0800159c   Section        0  i2c_eeprom.o(i.I2C_EERPOM_Init)
    i.I2C_EERPOM_ReadByte16                  0x08001618   Section        0  i2c_eeprom.o(i.I2C_EERPOM_ReadByte16)
    i.I2C_EERPOM_WriteByte16                 0x080017c4   Section        0  i2c_eeprom.o(i.I2C_EERPOM_WriteByte16)
    i.I2C_GenerateSTART                      0x080018d8   Section        0  stm32f4xx_i2c.o(i.I2C_GenerateSTART)
    i.I2C_GenerateSTOP                       0x080018ec   Section        0  stm32f4xx_i2c.o(i.I2C_GenerateSTOP)
    i.I2C_GetFlagStatus                      0x08001900   Section        0  stm32f4xx_i2c.o(i.I2C_GetFlagStatus)
    i.I2C_Init                               0x0800192c   Section        0  stm32f4xx_i2c.o(i.I2C_Init)
    i.I2C_ReceiveData                        0x080019e4   Section        0  stm32f4xx_i2c.o(i.I2C_ReceiveData)
    i.I2C_Send7bitAddress                    0x080019ea   Section        0  stm32f4xx_i2c.o(i.I2C_Send7bitAddress)
    i.I2C_SendData                           0x080019fa   Section        0  stm32f4xx_i2c.o(i.I2C_SendData)
    i.I2C_SoftwareResetCmd                   0x080019fe   Section        0  stm32f4xx_i2c.o(i.I2C_SoftwareResetCmd)
    i.LCD_AF_GPIOConfig                      0x08001a14   Section        0  stm32f429i_lcd.o(i.LCD_AF_GPIOConfig)
    i.LCD_Clear                              0x08001ba8   Section        0  stm32f429i_lcd.o(i.LCD_Clear)
    i.LCD_DisplayChar                        0x08001bc4   Section        0  stm32f429i_lcd.o(i.LCD_DisplayChar)
    i.LCD_DisplayOn                          0x08001be4   Section        0  stm32f429i_lcd.o(i.LCD_DisplayOn)
    i.LCD_DisplayStringLine                  0x08001c00   Section        0  stm32f429i_lcd.o(i.LCD_DisplayStringLine)
    i.LCD_DrawChar                           0x08001c44   Section        0  stm32f429i_lcd.o(i.LCD_DrawChar)
    i.LCD_GetFont                            0x08001cd0   Section        0  stm32f429i_lcd.o(i.LCD_GetFont)
    i.LCD_Init                               0x08001cdc   Section        0  stm32f429i_lcd.o(i.LCD_Init)
    i.LCD_LayerInit                          0x08001d64   Section        0  stm32f429i_lcd.o(i.LCD_LayerInit)
    i.LCD_SetBackColor                       0x08001e0c   Section        0  stm32f429i_lcd.o(i.LCD_SetBackColor)
    i.LCD_SetLayer                           0x08001e18   Section        0  stm32f429i_lcd.o(i.LCD_SetLayer)
    i.LCD_SetTextColor                       0x08001e38   Section        0  stm32f429i_lcd.o(i.LCD_SetTextColor)
    i.LED_Toggle                             0x08001e44   Section        0  dio.o(i.LED_Toggle)
    i.LTDC_Cmd                               0x08001e64   Section        0  stm32f4xx_ltdc.o(i.LTDC_Cmd)
    i.LTDC_DitherCmd                         0x08001e80   Section        0  stm32f4xx_ltdc.o(i.LTDC_DitherCmd)
    i.LTDC_Init                              0x08001e9c   Section        0  stm32f4xx_ltdc.o(i.LTDC_Init)
    i.LTDC_LayerCmd                          0x08001f44   Section        0  stm32f4xx_ltdc.o(i.LTDC_LayerCmd)
    i.LTDC_LayerInit                         0x08001f58   Section        0  stm32f4xx_ltdc.o(i.LTDC_LayerInit)
    i.LTDC_ReloadConfig                      0x08001ff0   Section        0  stm32f4xx_ltdc.o(i.LTDC_ReloadConfig)
    i.MemManage_Handler                      0x08001ffc   Section        0  stm32f4xx_it.o(i.MemManage_Handler)
    i.NMI_Handler                            0x08001ffe   Section        0  stm32f4xx_it.o(i.NMI_Handler)
    i.NVIC_Init                              0x08002000   Section        0  misc.o(i.NVIC_Init)
    i.NVIC_PriorityGroupConfig               0x08002064   Section        0  misc.o(i.NVIC_PriorityGroupConfig)
    i.PWR_BackupAccessCmd                    0x08002078   Section        0  stm32f4xx_pwr.o(i.PWR_BackupAccessCmd)
    i.RCC_AHB1PeriphClockCmd                 0x08002084   Section        0  stm32f4xx_rcc.o(i.RCC_AHB1PeriphClockCmd)
    i.RCC_AHB3PeriphClockCmd                 0x0800209c   Section        0  stm32f4xx_rcc.o(i.RCC_AHB3PeriphClockCmd)
    i.RCC_APB1PeriphClockCmd                 0x080020b4   Section        0  stm32f4xx_rcc.o(i.RCC_APB1PeriphClockCmd)
    i.RCC_APB1PeriphResetCmd                 0x080020cc   Section        0  stm32f4xx_rcc.o(i.RCC_APB1PeriphResetCmd)
    i.RCC_APB2PeriphClockCmd                 0x080020e4   Section        0  stm32f4xx_rcc.o(i.RCC_APB2PeriphClockCmd)
    i.RCC_APB2PeriphResetCmd                 0x080020fc   Section        0  stm32f4xx_rcc.o(i.RCC_APB2PeriphResetCmd)
    i.RCC_BackupResetCmd                     0x08002114   Section        0  stm32f4xx_rcc.o(i.RCC_BackupResetCmd)
    i.RCC_ClearFlag                          0x08002120   Section        0  stm32f4xx_rcc.o(i.RCC_ClearFlag)
    i.RCC_GetClocksFreq                      0x08002130   Section        0  stm32f4xx_rcc.o(i.RCC_GetClocksFreq)
    i.RCC_GetFlagStatus                      0x080021c4   Section        0  stm32f4xx_rcc.o(i.RCC_GetFlagStatus)
    i.RCC_LSEConfig                          0x080021f8   Section        0  stm32f4xx_rcc.o(i.RCC_LSEConfig)
    i.RCC_LTDCCLKDivConfig                   0x08002214   Section        0  stm32f4xx_rcc.o(i.RCC_LTDCCLKDivConfig)
    i.RCC_PLLSAICmd                          0x08002228   Section        0  stm32f4xx_rcc.o(i.RCC_PLLSAICmd)
    i.RCC_PLLSAIConfig                       0x08002234   Section        0  stm32f4xx_rcc.o(i.RCC_PLLSAIConfig)
    i.RCC_RTCCLKCmd                          0x08002248   Section        0  stm32f4xx_rcc.o(i.RCC_RTCCLKCmd)
    i.RCC_RTCCLKConfig                       0x08002254   Section        0  stm32f4xx_rcc.o(i.RCC_RTCCLKConfig)
    i.RTC_Alarm_IRQHandler                   0x08002284   Section        0  rtc.o(i.RTC_Alarm_IRQHandler)
    i.RTC_ClearITPendingBit                  0x080022b4   Section        0  stm32f4xx_rtc.o(i.RTC_ClearITPendingBit)
    i.RTC_Config                             0x080022d0   Section        0  rtc.o(i.RTC_Config)
    i.RTC_GetITStatus                        0x08002384   Section        0  stm32f4xx_rtc.o(i.RTC_GetITStatus)
    i.RTC_ReadBackupRegister                 0x080023bc   Section        0  stm32f4xx_rtc.o(i.RTC_ReadBackupRegister)
    i.RTC_WaitForSynchro                     0x080023d0   Section        0  stm32f4xx_rtc.o(i.RTC_WaitForSynchro)
    i.RTC_WriteBackupRegister                0x0800241c   Section        0  stm32f4xx_rtc.o(i.RTC_WriteBackupRegister)
    i.SDEnWideBus                            0x08002430   Section        0  sdio_sd.o(i.SDEnWideBus)
    SDEnWideBus                              0x08002431   Thumb Code   182  sdio_sd.o(i.SDEnWideBus)
    i.SDIO_ClearFlag                         0x080024f0   Section        0  stm32f4xx_sdio.o(i.SDIO_ClearFlag)
    i.SDIO_ClearITPendingBit                 0x080024fc   Section        0  stm32f4xx_sdio.o(i.SDIO_ClearITPendingBit)
    i.SDIO_ClockCmd                          0x08002508   Section        0  stm32f4xx_sdio.o(i.SDIO_ClockCmd)
    i.SDIO_DMACmd                            0x08002514   Section        0  stm32f4xx_sdio.o(i.SDIO_DMACmd)
    i.SDIO_DataConfig                        0x08002520   Section        0  stm32f4xx_sdio.o(i.SDIO_DataConfig)
    i.SDIO_DeInit                            0x08002550   Section        0  stm32f4xx_sdio.o(i.SDIO_DeInit)
    i.SDIO_GetCommandResponse                0x08002568   Section        0  stm32f4xx_sdio.o(i.SDIO_GetCommandResponse)
    i.SDIO_GetFlagStatus                     0x08002574   Section        0  stm32f4xx_sdio.o(i.SDIO_GetFlagStatus)
    i.SDIO_GetITStatus                       0x08002588   Section        0  stm32f4xx_sdio.o(i.SDIO_GetITStatus)
    i.SDIO_GetPowerState                     0x0800259c   Section        0  stm32f4xx_sdio.o(i.SDIO_GetPowerState)
    i.SDIO_GetResponse                       0x080025ac   Section        0  stm32f4xx_sdio.o(i.SDIO_GetResponse)
    i.SDIO_IRQHandler                        0x080025bc   Section        0  fatfs_drv.o(i.SDIO_IRQHandler)
    i.SDIO_ITConfig                          0x080025c0   Section        0  stm32f4xx_sdio.o(i.SDIO_ITConfig)
    i.SDIO_Init                              0x080025d8   Section        0  stm32f4xx_sdio.o(i.SDIO_Init)
    i.SDIO_ReadData                          0x08002604   Section        0  stm32f4xx_sdio.o(i.SDIO_ReadData)
    i.SDIO_SendCommand                       0x08002610   Section        0  stm32f4xx_sdio.o(i.SDIO_SendCommand)
    i.SDIO_SetPowerState                     0x08002638   Section        0  stm32f4xx_sdio.o(i.SDIO_SetPowerState)
    i.SDRAM_GPIOConfig                       0x08002644   Section        0  stm32f429i_sdram.o(i.SDRAM_GPIOConfig)
    i.SDRAM_Init                             0x08002860   Section        0  stm32f429i_sdram.o(i.SDRAM_Init)
    i.SDRAM_InitSequence                     0x080028c0   Section        0  stm32f429i_sdram.o(i.SDRAM_InitSequence)
    i.SD_EnableWideBusOperation              0x08002978   Section        0  sdio_sd.o(i.SD_EnableWideBusOperation)
    i.SD_GetCardInfo                         0x080029ec   Section        0  sdio_sd.o(i.SD_GetCardInfo)
    i.SD_GetState                            0x08002c50   Section        0  sdio_sd.o(i.SD_GetState)
    i.SD_GetStatus                           0x08002c78   Section        0  sdio_sd.o(i.SD_GetStatus)
    i.SD_Init                                0x08002c94   Section        0  sdio_sd.o(i.SD_Init)
    i.SD_InitializeCards                     0x08002d14   Section        0  sdio_sd.o(i.SD_InitializeCards)
    i.SD_LowLevel_DMA_RxConfig               0x08002e10   Section        0  sdio_sd.o(i.SD_LowLevel_DMA_RxConfig)
    i.SD_LowLevel_DMA_TxConfig               0x08002e98   Section        0  sdio_sd.o(i.SD_LowLevel_DMA_TxConfig)
    i.SD_LowLevel_Init                       0x08002f24   Section        0  sdio_sd.o(i.SD_LowLevel_Init)
    i.SD_PowerON                             0x08002fc8   Section        0  sdio_sd.o(i.SD_PowerON)
    i.SD_ProcessDMAIRQ                       0x080031ac   Section        0  sdio_sd.o(i.SD_ProcessDMAIRQ)
    i.SD_ProcessIRQSrc                       0x080031d4   Section        0  sdio_sd.o(i.SD_ProcessIRQSrc)
    i.SD_ReadMultiBlocks                     0x08003264   Section        0  sdio_sd.o(i.SD_ReadMultiBlocks)
    i.SD_SelectDeselect                      0x08003324   Section        0  sdio_sd.o(i.SD_SelectDeselect)
    i.SD_SendStatus                          0x08003350   Section        0  sdio_sd.o(i.SD_SendStatus)
    i.SD_StopTransfer                        0x08003398   Section        0  sdio_sd.o(i.SD_StopTransfer)
    i.SD_WaitReadOperation                   0x080033c0   Section        0  sdio_sd.o(i.SD_WaitReadOperation)
    i.SD_WaitWriteOperation                  0x08003420   Section        0  sdio_sd.o(i.SD_WaitWriteOperation)
    i.SD_WriteMultiBlocks                    0x08003480   Section        0  sdio_sd.o(i.SD_WriteMultiBlocks)
    i.SetSysClock                            0x08003588   Section        0  system_stm32f4xx.o(i.SetSysClock)
    SetSysClock                              0x08003589   Thumb Code   190  system_stm32f4xx.o(i.SetSysClock)
    i.SysTick_Handler                        0x08003658   Section        0  stm32f4xx_it.o(i.SysTick_Handler)
    i.SystemInit                             0x0800366c   Section        0  system_stm32f4xx.o(i.SystemInit)
    i.TIM2_IRQHandler                        0x080036c8   Section        0  stm32f4xx_it.o(i.TIM2_IRQHandler)
    i.TIM_ClearITPendingBit                  0x080036d0   Section        0  stm32f4xx_tim.o(i.TIM_ClearITPendingBit)
    i.USART2_IRQHandler                      0x080036d6   Section        0  stm32f4xx_it.o(i.USART2_IRQHandler)
    i.USART3_IRQHandler                      0x080036d8   Section        0  stm32f4xx_it.o(i.USART3_IRQHandler)
    i.UsageFault_Handler                     0x080036da   Section        0  stm32f4xx_it.o(i.UsageFault_Handler)
    i.__0printf$bare                         0x080036dc   Section        0  printfb.o(i.__0printf$bare)
    i.__scatterload_copy                     0x080036ec   Section       14  handlers.o(i.__scatterload_copy)
    i.__scatterload_null                     0x080036fa   Section        2  handlers.o(i.__scatterload_null)
    i.__scatterload_zeroinit                 0x080036fc   Section       14  handlers.o(i.__scatterload_zeroinit)
    i._printf_core                           0x0800370a   Section        0  printfb.o(i._printf_core)
    _printf_core                             0x0800370b   Thumb Code    34  printfb.o(i._printf_core)
    i.check_fs                               0x0800372c   Section        0  ff.o(i.check_fs)
    check_fs                                 0x0800372d   Thumb Code   102  ff.o(i.check_fs)
    i.clust2sect                             0x0800379c   Section        0  ff.o(i.clust2sect)
    clust2sect                               0x0800379d   Thumb Code    24  ff.o(i.clust2sect)
    i.create_chain                           0x080037b4   Section        0  ff.o(i.create_chain)
    create_chain                             0x080037b5   Thumb Code   164  ff.o(i.create_chain)
    i.create_name                            0x08003858   Section        0  ff.o(i.create_name)
    create_name                              0x08003859   Thumb Code   168  ff.o(i.create_name)
    i.dir_find                               0x08003914   Section        0  ff.o(i.dir_find)
    dir_find                                 0x08003915   Thumb Code   100  ff.o(i.dir_find)
    i.dir_next                               0x08003978   Section        0  ff.o(i.dir_next)
    dir_next                                 0x08003979   Thumb Code   244  ff.o(i.dir_next)
    i.dir_register                           0x08003a6c   Section        0  ff.o(i.dir_register)
    dir_register                             0x08003a6d   Thumb Code   102  ff.o(i.dir_register)
    i.dir_sdi                                0x08003ad2   Section        0  ff.o(i.dir_sdi)
    dir_sdi                                  0x08003ad3   Thumb Code   130  ff.o(i.dir_sdi)
    i.disk_initialize                        0x08003b54   Section        0  fatfs_drv.o(i.disk_initialize)
    i.disk_ioctl                             0x08003b80   Section        0  fatfs_drv.o(i.disk_ioctl)
    i.disk_read                              0x08003bc4   Section        0  fatfs_drv.o(i.disk_read)
    i.disk_status                            0x08003bf2   Section        0  fatfs_drv.o(i.disk_status)
    i.disk_write                             0x08003bfc   Section        0  fatfs_drv.o(i.disk_write)
    i.f_close                                0x08003c2a   Section        0  ff.o(i.f_close)
    i.f_mount                                0x08003c48   Section        0  ff.o(i.f_mount)
    i.f_open                                 0x08003c94   Section        0  ff.o(i.f_open)
    i.f_read                                 0x08003e48   Section        0  ff.o(i.f_read)
    i.f_sync                                 0x08003f94   Section        0  ff.o(i.f_sync)
    i.find_volume                            0x08004024   Section        0  ff.o(i.find_volume)
    find_volume                              0x08004025   Thumb Code   576  ff.o(i.find_volume)
    i.follow_path                            0x08004270   Section        0  ff.o(i.follow_path)
    follow_path                              0x08004271   Thumb Code   116  ff.o(i.follow_path)
    i.fputc                                  0x080042e4   Section        0  fputc.o(i.fputc)
    i.get_fat                                0x080042f6   Section        0  ff.o(i.get_fat)
    get_fat                                  0x080042f7   Thumb Code   190  ff.o(i.get_fat)
    i.get_ldnumber                           0x080043b4   Section        0  ff.o(i.get_ldnumber)
    get_ldnumber                             0x080043b5   Thumb Code    60  ff.o(i.get_ldnumber)
    i.ld_clust                               0x080043f0   Section        0  ff.o(i.ld_clust)
    ld_clust                                 0x080043f1   Thumb Code    38  ff.o(i.ld_clust)
    i.ld_dword                               0x08004416   Section        0  ff.o(i.ld_dword)
    ld_dword                                 0x08004417   Thumb Code    22  ff.o(i.ld_dword)
    i.ld_word                                0x0800442c   Section        0  ff.o(i.ld_word)
    ld_word                                  0x0800442d   Thumb Code    10  ff.o(i.ld_word)
    i.main                                   0x08004438   Section        0  main.o(i.main)
    i.mem_cpy                                0x080046b0   Section        0  ff.o(i.mem_cpy)
    mem_cpy                                  0x080046b1   Thumb Code    18  ff.o(i.mem_cpy)
    i.mem_set                                0x080046c4   Section        0  ff.o(i.mem_set)
    mem_set                                  0x080046c5   Thumb Code    14  ff.o(i.mem_set)
    i.move_window                            0x080046d2   Section        0  ff.o(i.move_window)
    move_window                              0x080046d3   Thumb Code    50  ff.o(i.move_window)
    i.put_fat                                0x08004704   Section        0  ff.o(i.put_fat)
    put_fat                                  0x08004705   Thumb Code   234  ff.o(i.put_fat)
    i.remove_chain                           0x080047ee   Section        0  ff.o(i.remove_chain)
    remove_chain                             0x080047ef   Thumb Code   116  ff.o(i.remove_chain)
    i.st_clust                               0x08004862   Section        0  ff.o(i.st_clust)
    st_clust                                 0x08004863   Thumb Code    40  ff.o(i.st_clust)
    i.st_dword                               0x0800488a   Section        0  ff.o(i.st_dword)
    st_dword                                 0x0800488b   Thumb Code    16  ff.o(i.st_dword)
    i.st_word                                0x0800489a   Section        0  ff.o(i.st_word)
    st_word                                  0x0800489b   Thumb Code     8  ff.o(i.st_word)
    i.sync_fs                                0x080048a4   Section        0  ff.o(i.sync_fs)
    sync_fs                                  0x080048a5   Thumb Code   126  ff.o(i.sync_fs)
    i.sync_window                            0x0800492c   Section        0  ff.o(i.sync_window)
    sync_window                              0x0800492d   Thumb Code    82  ff.o(i.sync_window)
    i.validate                               0x0800497e   Section        0  ff.o(i.validate)
    validate                                 0x0800497f   Thumb Code    50  ff.o(i.validate)
    .constdata                               0x080049b0   Section     7632  stm32f429i_lcd.o(.constdata)
    .constdata                               0x08006780   Section      156  ff.o(.constdata)
    ExCvt                                    0x08006780   Data         128  ff.o(.constdata)
    cst                                      0x08006800   Data          14  ff.o(.constdata)
    cst32                                    0x0800680e   Data          14  ff.o(.constdata)
    .data                                    0x20000000   Section       20  system_stm32f4xx.o(.data)
    .data                                    0x20000014   Section       16  stm32f4xx_rcc.o(.data)
    APBAHBPrescTable                         0x20000014   Data          16  stm32f4xx_rcc.o(.data)
    .data                                    0x20000024   Section       24  sdio_sd.o(.data)
    CardType                                 0x20000028   Data           4  sdio_sd.o(.data)
    RCA                                      0x2000002c   Data           4  sdio_sd.o(.data)
    .data                                    0x2000003c   Section       32  i2c_eeprom.o(.data)
    .data                                    0x2000005c   Section        4  dio.o(.data)
    .data                                    0x20000060   Section       28  stm32f429i_lcd.o(.data)
    CurrentTextColor                         0x20000062   Data           2  stm32f429i_lcd.o(.data)
    CurrentBackColor                         0x20000064   Data           2  stm32f429i_lcd.o(.data)
    CurrentFrameBuffer                       0x20000068   Data           4  stm32f429i_lcd.o(.data)
    CurrentLayer                             0x2000006c   Data           4  stm32f429i_lcd.o(.data)
    LCD_Currentfonts                         0x20000070   Data           4  stm32f429i_lcd.o(.data)
    .data                                    0x2000007c   Section       44  rtc.o(.data)
    .data                                    0x200000a8   Section        8  ff.o(.data)
    Fsid                                     0x200000a8   Data           2  ff.o(.data)
    FatFs                                    0x200000ac   Data           4  ff.o(.data)
    .data                                    0x200000b0   Section       16  main.o(.data)
    .data                                    0x200000c0   Section       16  command.o(.data)
    TmpProgramCounter                        0x200000c0   Data           4  command.o(.data)
    TmpReadSize                              0x200000c4   Data           4  command.o(.data)
    RamAddress                               0x200000c8   Data           4  command.o(.data)
    LastPGAddress                            0x200000cc   Data           4  command.o(.data)
    .data                                    0x200000d0   Section        4  stdout.o(.data)
    .bss                                     0x200000d8   Section      204  sdio_sd.o(.bss)
    CSD_Tab                                  0x200000d8   Data          16  sdio_sd.o(.bss)
    CID_Tab                                  0x200000e8   Data          16  sdio_sd.o(.bss)
    SDSTATUS_Tab                             0x200000f8   Data          16  sdio_sd.o(.bss)
    .bss                                     0x200001a4   Section     1616  command.o(.bss)
    RAM_Buf                                  0x200001a4   Data         512  command.o(.bss)
    .bss                                     0x200007f4   Section      560  command.o(.bss)
    STACK                                    0x20000a28   Section     2048  startup_stm32f429_439xx.o(STACK)

    Global Symbols

    Symbol Name                              Value     Ov Type        Size  Object(Section)

    BuildAttributes$$THM_ISAv4$E$P$D$K$B$S$7EM$VFPi3$EXTD16$VFPS$VFMA$PE$A:L22UL41UL21$X:L11$S22US41US21$IEEE1$IW$USESV6$~STKCKD$USESV7$~SHL$OSPACE$ROPI$EBA8$MICROLIB$REQ8$PRES8$EABIv2 0x00000000   Number         0  anon$$obj.o ABSOLUTE
    __ARM_use_no_argv                        0x00000000   Number         0  main.o ABSOLUTE
    __cpp_initialize__aeabi_                  - Undefined Weak Reference
    __cxa_finalize                            - Undefined Weak Reference
    __decompress                              - Undefined Weak Reference
    _clock_init                               - Undefined Weak Reference
    _microlib_exit                            - Undefined Weak Reference
    __Vectors_Size                           0x000001ac   Number         0  startup_stm32f429_439xx.o ABSOLUTE
    __Vectors                                0x08000000   Data           4  startup_stm32f429_439xx.o(RESET)
    __Vectors_End                            0x080001ac   Data           0  startup_stm32f429_439xx.o(RESET)
    __main                                   0x080001ad   Thumb Code     0  entry.o(.ARM.Collect$$$$00000000)
    _main_stk                                0x080001ad   Thumb Code     0  entry2.o(.ARM.Collect$$$$00000001)
    _main_scatterload                        0x080001b1   Thumb Code     0  entry5.o(.ARM.Collect$$$$00000004)
    __main_after_scatterload                 0x080001b5   Thumb Code     0  entry5.o(.ARM.Collect$$$$00000004)
    _main_clock                              0x080001b5   Thumb Code     0  entry7b.o(.ARM.Collect$$$$00000008)
    _main_cpp_init                           0x080001b5   Thumb Code     0  entry8b.o(.ARM.Collect$$$$0000000A)
    _main_init                               0x080001b5   Thumb Code     0  entry9a.o(.ARM.Collect$$$$0000000B)
    __rt_final_cpp                           0x080001bd   Thumb Code     0  entry10a.o(.ARM.Collect$$$$0000000D)
    __rt_final_exit                          0x080001bd   Thumb Code     0  entry11a.o(.ARM.Collect$$$$0000000F)
    Reset_Handler                            0x080001c1   Thumb Code     8  startup_stm32f429_439xx.o(.text)
    SVC_Handler                              0x080001d3   Thumb Code     2  startup_stm32f429_439xx.o(.text)
    PendSV_Handler                           0x080001d7   Thumb Code     2  startup_stm32f429_439xx.o(.text)
    ADC_IRQHandler                           0x080001db   Thumb Code     0  startup_stm32f429_439xx.o(.text)
    CAN1_RX1_IRQHandler                      0x080001db   Thumb Code     0  startup_stm32f429_439xx.o(.text)
    CAN1_SCE_IRQHandler                      0x080001db   Thumb Code     0  startup_stm32f429_439xx.o(.text)
    CAN1_TX_IRQHandler                       0x080001db   Thumb Code     0  startup_stm32f429_439xx.o(.text)
    CAN2_RX1_IRQHandler                      0x080001db   Thumb Code     0  startup_stm32f429_439xx.o(.text)
    CAN2_SCE_IRQHandler                      0x080001db   Thumb Code     0  startup_stm32f429_439xx.o(.text)
    CAN2_TX_IRQHandler                       0x080001db   Thumb Code     0  startup_stm32f429_439xx.o(.text)
    CRYP_IRQHandler                          0x080001db   Thumb Code     0  startup_stm32f429_439xx.o(.text)
    DCMI_IRQHandler                          0x080001db   Thumb Code     0  startup_stm32f429_439xx.o(.text)
    DMA1_Stream0_IRQHandler                  0x080001db   Thumb Code     0  startup_stm32f429_439xx.o(.text)
    DMA1_Stream1_IRQHandler                  0x080001db   Thumb Code     0  startup_stm32f429_439xx.o(.text)
    DMA1_Stream2_IRQHandler                  0x080001db   Thumb Code     0  startup_stm32f429_439xx.o(.text)
    DMA1_Stream3_IRQHandler                  0x080001db   Thumb Code     0  startup_stm32f429_439xx.o(.text)
    DMA1_Stream4_IRQHandler                  0x080001db   Thumb Code     0  startup_stm32f429_439xx.o(.text)
    DMA1_Stream5_IRQHandler                  0x080001db   Thumb Code     0  startup_stm32f429_439xx.o(.text)
    DMA1_Stream6_IRQHandler                  0x080001db   Thumb Code     0  startup_stm32f429_439xx.o(.text)
    DMA1_Stream7_IRQHandler                  0x080001db   Thumb Code     0  startup_stm32f429_439xx.o(.text)
    DMA2D_IRQHandler                         0x080001db   Thumb Code     0  startup_stm32f429_439xx.o(.text)
    DMA2_Stream0_IRQHandler                  0x080001db   Thumb Code     0  startup_stm32f429_439xx.o(.text)
    DMA2_Stream1_IRQHandler                  0x080001db   Thumb Code     0  startup_stm32f429_439xx.o(.text)
    DMA2_Stream2_IRQHandler                  0x080001db   Thumb Code     0  startup_stm32f429_439xx.o(.text)
    DMA2_Stream4_IRQHandler                  0x080001db   Thumb Code     0  startup_stm32f429_439xx.o(.text)
    DMA2_Stream5_IRQHandler                  0x080001db   Thumb Code     0  startup_stm32f429_439xx.o(.text)
    DMA2_Stream6_IRQHandler                  0x080001db   Thumb Code     0  startup_stm32f429_439xx.o(.text)
    DMA2_Stream7_IRQHandler                  0x080001db   Thumb Code     0  startup_stm32f429_439xx.o(.text)
    ETH_IRQHandler                           0x080001db   Thumb Code     0  startup_stm32f429_439xx.o(.text)
    ETH_WKUP_IRQHandler                      0x080001db   Thumb Code     0  startup_stm32f429_439xx.o(.text)
    FLASH_IRQHandler                         0x080001db   Thumb Code     0  startup_stm32f429_439xx.o(.text)
    FMC_IRQHandler                           0x080001db   Thumb Code     0  startup_stm32f429_439xx.o(.text)
    FPU_IRQHandler                           0x080001db   Thumb Code     0  startup_stm32f429_439xx.o(.text)
    HASH_RNG_IRQHandler                      0x080001db   Thumb Code     0  startup_stm32f429_439xx.o(.text)
    I2C1_ER_IRQHandler                       0x080001db   Thumb Code     0  startup_stm32f429_439xx.o(.text)
    I2C1_EV_IRQHandler                       0x080001db   Thumb Code     0  startup_stm32f429_439xx.o(.text)
    I2C2_ER_IRQHandler                       0x080001db   Thumb Code     0  startup_stm32f429_439xx.o(.text)
    I2C2_EV_IRQHandler                       0x080001db   Thumb Code     0  startup_stm32f429_439xx.o(.text)
    I2C3_ER_IRQHandler                       0x080001db   Thumb Code     0  startup_stm32f429_439xx.o(.text)
    I2C3_EV_IRQHandler                       0x080001db   Thumb Code     0  startup_stm32f429_439xx.o(.text)
    LTDC_ER_IRQHandler                       0x080001db   Thumb Code     0  startup_stm32f429_439xx.o(.text)
    LTDC_IRQHandler                          0x080001db   Thumb Code     0  startup_stm32f429_439xx.o(.text)
    OTG_FS_IRQHandler                        0x080001db   Thumb Code     0  startup_stm32f429_439xx.o(.text)
    OTG_FS_WKUP_IRQHandler                   0x080001db   Thumb Code     0  startup_stm32f429_439xx.o(.text)
    OTG_HS_EP1_IN_IRQHandler                 0x080001db   Thumb Code     0  startup_stm32f429_439xx.o(.text)
    OTG_HS_EP1_OUT_IRQHandler                0x080001db   Thumb Code     0  startup_stm32f429_439xx.o(.text)
    OTG_HS_IRQHandler                        0x080001db   Thumb Code     0  startup_stm32f429_439xx.o(.text)
    OTG_HS_WKUP_IRQHandler                   0x080001db   Thumb Code     0  startup_stm32f429_439xx.o(.text)
    PVD_IRQHandler                           0x080001db   Thumb Code     0  startup_stm32f429_439xx.o(.text)
    RCC_IRQHandler                           0x080001db   Thumb Code     0  startup_stm32f429_439xx.o(.text)
    RTC_WKUP_IRQHandler                      0x080001db   Thumb Code     0  startup_stm32f429_439xx.o(.text)
    SAI1_IRQHandler                          0x080001db   Thumb Code     0  startup_stm32f429_439xx.o(.text)
    SPI1_IRQHandler                          0x080001db   Thumb Code     0  startup_stm32f429_439xx.o(.text)
    SPI2_IRQHandler                          0x080001db   Thumb Code     0  startup_stm32f429_439xx.o(.text)
    SPI3_IRQHandler                          0x080001db   Thumb Code     0  startup_stm32f429_439xx.o(.text)
    SPI4_IRQHandler                          0x080001db   Thumb Code     0  startup_stm32f429_439xx.o(.text)
    SPI5_IRQHandler                          0x080001db   Thumb Code     0  startup_stm32f429_439xx.o(.text)
    SPI6_IRQHandler                          0x080001db   Thumb Code     0  startup_stm32f429_439xx.o(.text)
    TAMP_STAMP_IRQHandler                    0x080001db   Thumb Code     0  startup_stm32f429_439xx.o(.text)
    TIM1_BRK_TIM9_IRQHandler                 0x080001db   Thumb Code     0  startup_stm32f429_439xx.o(.text)
    TIM1_CC_IRQHandler                       0x080001db   Thumb Code     0  startup_stm32f429_439xx.o(.text)
    TIM1_TRG_COM_TIM11_IRQHandler            0x080001db   Thumb Code     0  startup_stm32f429_439xx.o(.text)
    TIM1_UP_TIM10_IRQHandler                 0x080001db   Thumb Code     0  startup_stm32f429_439xx.o(.text)
    TIM3_IRQHandler                          0x080001db   Thumb Code     0  startup_stm32f429_439xx.o(.text)
    TIM4_IRQHandler                          0x080001db   Thumb Code     0  startup_stm32f429_439xx.o(.text)
    TIM5_IRQHandler                          0x080001db   Thumb Code     0  startup_stm32f429_439xx.o(.text)
    TIM6_DAC_IRQHandler                      0x080001db   Thumb Code     0  startup_stm32f429_439xx.o(.text)
    TIM7_IRQHandler                          0x080001db   Thumb Code     0  startup_stm32f429_439xx.o(.text)
    TIM8_BRK_TIM12_IRQHandler                0x080001db   Thumb Code     0  startup_stm32f429_439xx.o(.text)
    TIM8_CC_IRQHandler                       0x080001db   Thumb Code     0  startup_stm32f429_439xx.o(.text)
    TIM8_TRG_COM_TIM14_IRQHandler            0x080001db   Thumb Code     0  startup_stm32f429_439xx.o(.text)
    TIM8_UP_TIM13_IRQHandler                 0x080001db   Thumb Code     0  startup_stm32f429_439xx.o(.text)
    UART4_IRQHandler                         0x080001db   Thumb Code     0  startup_stm32f429_439xx.o(.text)
    UART5_IRQHandler                         0x080001db   Thumb Code     0  startup_stm32f429_439xx.o(.text)
    UART7_IRQHandler                         0x080001db   Thumb Code     0  startup_stm32f429_439xx.o(.text)
    UART8_IRQHandler                         0x080001db   Thumb Code     0  startup_stm32f429_439xx.o(.text)
    USART1_IRQHandler                        0x080001db   Thumb Code     0  startup_stm32f429_439xx.o(.text)
    USART6_IRQHandler                        0x080001db   Thumb Code     0  startup_stm32f429_439xx.o(.text)
    WWDG_IRQHandler                          0x080001db   Thumb Code     0  startup_stm32f429_439xx.o(.text)
    __scatterload                            0x080001e5   Thumb Code    28  init.o(.text)
    __scatterload_rt2                        0x080001e5   Thumb Code     0  init.o(.text)
    ApplicationExe                           0x08000209   Thumb Code   174  main.o(i.ApplicationExe)
    __I$use$semihosting$fputc                0x08000209   Thumb Code     0  iusesemip.o(.text)
    __semihosting_library_function           0x08000209   Thumb Code     0  semi.o(.text)
    BUZZER_Off                               0x0800033d   Thumb Code    10  dio.o(i.BUZZER_Off)
    BUZZER_On                                0x0800034d   Thumb Code    10  dio.o(i.BUZZER_On)
    BusFault_Handler                         0x0800035d   Thumb Code     2  stm32f4xx_it.o(i.BusFault_Handler)
    CAN1_RX0_IRQHandler                      0x0800035f   Thumb Code     2  stm32f4xx_it.o(i.CAN1_RX0_IRQHandler)
    CAN2_RX0_IRQHandler                      0x08000361   Thumb Code     2  stm32f4xx_it.o(i.CAN2_RX0_IRQHandler)
    COMMAND_Download                         0x08000365   Thumb Code   310  command.o(i.COMMAND_Download)
    COMMAND_ProgramFlashMemory               0x080005d5   Thumb Code   186  command.o(i.COMMAND_ProgramFlashMemory)
    DIO_Init                                 0x08000891   Thumb Code   506  dio.o(i.DIO_Init)
    DIO_WriteByte                            0x08000aa9   Thumb Code   174  dio.o(i.DIO_WriteByte)
    DMA2_Stream3_IRQHandler                  0x08000b61   Thumb Code     4  fatfs_drv.o(i.DMA2_Stream3_IRQHandler)
    DMA_ClearFlag                            0x08000b65   Thumb Code    32  stm32f4xx_dma.o(i.DMA_ClearFlag)
    DMA_Cmd                                  0x08000b91   Thumb Code    20  stm32f4xx_dma.o(i.DMA_Cmd)
    DMA_DeInit                               0x08000ba5   Thumb Code   272  stm32f4xx_dma.o(i.DMA_DeInit)
    DMA_FlowControllerConfig                 0x08000cc9   Thumb Code    20  stm32f4xx_dma.o(i.DMA_FlowControllerConfig)
    DMA_ITConfig                             0x08000cdd   Thumb Code    44  stm32f4xx_dma.o(i.DMA_ITConfig)
    DMA_Init                                 0x08000d09   Thumb Code    80  stm32f4xx_dma.o(i.DMA_Init)
    DOUT_Service                             0x08000d5d   Thumb Code    46  dio.o(i.DOUT_Service)
    DebugMon_Handler                         0x08000d91   Thumb Code     2  stm32f4xx_it.o(i.DebugMon_Handler)
    Delay                                    0x08000d95   Thumb Code    16  main.o(i.Delay)
    EXTI0_IRQHandler                         0x08000da9   Thumb Code    24  stm32f4xx_it.o(i.EXTI0_IRQHandler)
    EXTI15_10_IRQHandler                     0x08000dc1   Thumb Code    78  stm32f4xx_it.o(i.EXTI15_10_IRQHandler)
    EXTI1_IRQHandler                         0x08000e0f   Thumb Code    24  stm32f4xx_it.o(i.EXTI1_IRQHandler)
    EXTI2_IRQHandler                         0x08000e27   Thumb Code    24  stm32f4xx_it.o(i.EXTI2_IRQHandler)
    EXTI3_IRQHandler                         0x08000e3f   Thumb Code    24  stm32f4xx_it.o(i.EXTI3_IRQHandler)
    EXTI4_IRQHandler                         0x08000e57   Thumb Code    24  stm32f4xx_it.o(i.EXTI4_IRQHandler)
    EXTI9_5_IRQHandler                       0x08000e6f   Thumb Code    74  stm32f4xx_it.o(i.EXTI9_5_IRQHandler)
    EXTI_ClearITPendingBit                   0x08000eb9   Thumb Code     6  stm32f4xx_exti.o(i.EXTI_ClearITPendingBit)
    EXTI_GetITStatus                         0x08000ec5   Thumb Code    16  stm32f4xx_exti.o(i.EXTI_GetITStatus)
    FLASH_EraseSector                        0x08000ed9   Thumb Code   104  stm32f4xx_flash.o(i.FLASH_EraseSector)
    FLASH_GetStatus                          0x08000f45   Thumb Code    56  stm32f4xx_flash.o(i.FLASH_GetStatus)
    FLASH_If_EraseSectors                    0x08000f81   Thumb Code    48  flash_if.o(i.FLASH_If_EraseSectors)
    FLASH_If_FlashUnlock                     0x08000fb1   Thumb Code     4  flash_if.o(i.FLASH_If_FlashUnlock)
    FLASH_If_ProgramWord                     0x08001071   Thumb Code     4  flash_if.o(i.FLASH_If_ProgramWord)
    FLASH_ProgramWord                        0x08001075   Thumb Code    56  stm32f4xx_flash.o(i.FLASH_ProgramWord)
    FLASH_Unlock                             0x080010b1   Thumb Code    22  stm32f4xx_flash.o(i.FLASH_Unlock)
    FLASH_WaitForLastOperation               0x080010d5   Thumb Code    30  stm32f4xx_flash.o(i.FLASH_WaitForLastOperation)
    FMC_GetFlagStatus                        0x080010f3   Thumb Code    54  stm32f4xx_fmc.o(i.FMC_GetFlagStatus)
    FMC_SDRAMCmdConfig                       0x08001129   Thumb Code    34  stm32f4xx_fmc.o(i.FMC_SDRAMCmdConfig)
    FMC_SDRAMInit                            0x0800114d   Thumb Code   284  stm32f4xx_fmc.o(i.FMC_SDRAMInit)
    FMC_SetRefreshCount                      0x0800126d   Thumb Code    18  stm32f4xx_fmc.o(i.FMC_SetRefreshCount)
    Fail_Handler                             0x0800127f   Thumb Code    14  main.o(i.Fail_Handler)
    GPIO_Init                                0x080013c1   Thumb Code   162  stm32f4xx_gpio.o(i.GPIO_Init)
    GPIO_PinAFConfig                         0x08001463   Thumb Code    32  stm32f4xx_gpio.o(i.GPIO_PinAFConfig)
    GPIO_ReadInputDataBit                    0x08001483   Thumb Code    14  stm32f4xx_gpio.o(i.GPIO_ReadInputDataBit)
    GPIO_ResetBits                           0x08001491   Thumb Code     4  stm32f4xx_gpio.o(i.GPIO_ResetBits)
    GPIO_SetBits                             0x08001495   Thumb Code     4  stm32f4xx_gpio.o(i.GPIO_SetBits)
    GPIO_WriteBit                            0x08001499   Thumb Code    10  stm32f4xx_gpio.o(i.GPIO_WriteBit)
    HardFault_Handler                        0x080014a5   Thumb Code     8  stm32f4xx_it.o(i.HardFault_Handler)
    I2C2_Init                                0x080014bd   Thumb Code    58  i2c_eeprom.o(i.I2C2_Init)
    I2C_AcknowledgeConfig                    0x08001501   Thumb Code    20  stm32f4xx_i2c.o(i.I2C_AcknowledgeConfig)
    I2C_Cmd                                  0x08001515   Thumb Code    20  stm32f4xx_i2c.o(i.I2C_Cmd)
    I2C_DeInit                               0x08001529   Thumb Code    56  stm32f4xx_i2c.o(i.I2C_DeInit)
    I2C_EEPROM_timeout                       0x0800156d   Thumb Code    44  i2c_eeprom.o(i.I2C_EEPROM_timeout)
    I2C_EERPOM_Init                          0x0800159d   Thumb Code   118  i2c_eeprom.o(i.I2C_EERPOM_Init)
    I2C_EERPOM_ReadByte16                    0x08001619   Thumb Code   418  i2c_eeprom.o(i.I2C_EERPOM_ReadByte16)
    I2C_EERPOM_WriteByte16                   0x080017c5   Thumb Code   268  i2c_eeprom.o(i.I2C_EERPOM_WriteByte16)
    I2C_GenerateSTART                        0x080018d9   Thumb Code    20  stm32f4xx_i2c.o(i.I2C_GenerateSTART)
    I2C_GenerateSTOP                         0x080018ed   Thumb Code    20  stm32f4xx_i2c.o(i.I2C_GenerateSTOP)
    I2C_GetFlagStatus                        0x08001901   Thumb Code    42  stm32f4xx_i2c.o(i.I2C_GetFlagStatus)
    I2C_Init                                 0x0800192d   Thumb Code   174  stm32f4xx_i2c.o(i.I2C_Init)
    I2C_ReceiveData                          0x080019e5   Thumb Code     6  stm32f4xx_i2c.o(i.I2C_ReceiveData)
    I2C_Send7bitAddress                      0x080019eb   Thumb Code    16  stm32f4xx_i2c.o(i.I2C_Send7bitAddress)
    I2C_SendData                             0x080019fb   Thumb Code     4  stm32f4xx_i2c.o(i.I2C_SendData)
    I2C_SoftwareResetCmd                     0x080019ff   Thumb Code    20  stm32f4xx_i2c.o(i.I2C_SoftwareResetCmd)
    LCD_AF_GPIOConfig                        0x08001a15   Thumb Code   380  stm32f429i_lcd.o(i.LCD_AF_GPIOConfig)
    LCD_Clear                                0x08001ba9   Thumb Code    24  stm32f429i_lcd.o(i.LCD_Clear)
    LCD_DisplayChar                          0x08001bc5   Thumb Code    26  stm32f429i_lcd.o(i.LCD_DisplayChar)
    LCD_DisplayOn                            0x08001be5   Thumb Code    22  stm32f429i_lcd.o(i.LCD_DisplayOn)
    LCD_DisplayStringLine                    0x08001c01   Thumb Code    62  stm32f429i_lcd.o(i.LCD_DisplayStringLine)
    LCD_DrawChar                             0x08001c45   Thumb Code   134  stm32f429i_lcd.o(i.LCD_DrawChar)
    LCD_GetFont                              0x08001cd1   Thumb Code     6  stm32f429i_lcd.o(i.LCD_GetFont)
    LCD_Init                                 0x08001cdd   Thumb Code   134  stm32f429i_lcd.o(i.LCD_Init)
    LCD_LayerInit                            0x08001d65   Thumb Code   156  stm32f429i_lcd.o(i.LCD_LayerInit)
    LCD_SetBackColor                         0x08001e0d   Thumb Code     6  stm32f429i_lcd.o(i.LCD_SetBackColor)
    LCD_SetLayer                             0x08001e19   Thumb Code    24  stm32f429i_lcd.o(i.LCD_SetLayer)
    LCD_SetTextColor                         0x08001e39   Thumb Code     6  stm32f429i_lcd.o(i.LCD_SetTextColor)
    LED_Toggle                               0x08001e45   Thumb Code    28  dio.o(i.LED_Toggle)
    LTDC_Cmd                                 0x08001e65   Thumb Code    22  stm32f4xx_ltdc.o(i.LTDC_Cmd)
    LTDC_DitherCmd                           0x08001e81   Thumb Code    22  stm32f4xx_ltdc.o(i.LTDC_DitherCmd)
    LTDC_Init                                0x08001e9d   Thumb Code   156  stm32f4xx_ltdc.o(i.LTDC_Init)
    LTDC_LayerCmd                            0x08001f45   Thumb Code    20  stm32f4xx_ltdc.o(i.LTDC_LayerCmd)
    LTDC_LayerInit                           0x08001f59   Thumb Code   150  stm32f4xx_ltdc.o(i.LTDC_LayerInit)
    LTDC_ReloadConfig                        0x08001ff1   Thumb Code     6  stm32f4xx_ltdc.o(i.LTDC_ReloadConfig)
    MemManage_Handler                        0x08001ffd   Thumb Code     2  stm32f4xx_it.o(i.MemManage_Handler)
    NMI_Handler                              0x08001fff   Thumb Code     2  stm32f4xx_it.o(i.NMI_Handler)
    NVIC_Init                                0x08002001   Thumb Code    96  misc.o(i.NVIC_Init)
    NVIC_PriorityGroupConfig                 0x08002065   Thumb Code    10  misc.o(i.NVIC_PriorityGroupConfig)
    PWR_BackupAccessCmd                      0x08002079   Thumb Code     6  stm32f4xx_pwr.o(i.PWR_BackupAccessCmd)
    RCC_AHB1PeriphClockCmd                   0x08002085   Thumb Code    18  stm32f4xx_rcc.o(i.RCC_AHB1PeriphClockCmd)
    RCC_AHB3PeriphClockCmd                   0x0800209d   Thumb Code    18  stm32f4xx_rcc.o(i.RCC_AHB3PeriphClockCmd)
    RCC_APB1PeriphClockCmd                   0x080020b5   Thumb Code    18  stm32f4xx_rcc.o(i.RCC_APB1PeriphClockCmd)
    RCC_APB1PeriphResetCmd                   0x080020cd   Thumb Code    18  stm32f4xx_rcc.o(i.RCC_APB1PeriphResetCmd)
    RCC_APB2PeriphClockCmd                   0x080020e5   Thumb Code    18  stm32f4xx_rcc.o(i.RCC_APB2PeriphClockCmd)
    RCC_APB2PeriphResetCmd                   0x080020fd   Thumb Code    18  stm32f4xx_rcc.o(i.RCC_APB2PeriphResetCmd)
    RCC_BackupResetCmd                       0x08002115   Thumb Code     6  stm32f4xx_rcc.o(i.RCC_BackupResetCmd)
    RCC_ClearFlag                            0x08002121   Thumb Code    12  stm32f4xx_rcc.o(i.RCC_ClearFlag)
    RCC_GetClocksFreq                        0x08002131   Thumb Code   132  stm32f4xx_rcc.o(i.RCC_GetClocksFreq)
    RCC_GetFlagStatus                        0x080021c5   Thumb Code    46  stm32f4xx_rcc.o(i.RCC_GetFlagStatus)
    RCC_LSEConfig                            0x080021f9   Thumb Code    22  stm32f4xx_rcc.o(i.RCC_LSEConfig)
    RCC_LTDCCLKDivConfig                     0x08002215   Thumb Code    14  stm32f4xx_rcc.o(i.RCC_LTDCCLKDivConfig)
    RCC_PLLSAICmd                            0x08002229   Thumb Code     6  stm32f4xx_rcc.o(i.RCC_PLLSAICmd)
    RCC_PLLSAIConfig                         0x08002235   Thumb Code    16  stm32f4xx_rcc.o(i.RCC_PLLSAIConfig)
    RCC_RTCCLKCmd                            0x08002249   Thumb Code     6  stm32f4xx_rcc.o(i.RCC_RTCCLKCmd)
    RCC_RTCCLKConfig                         0x08002255   Thumb Code    40  stm32f4xx_rcc.o(i.RCC_RTCCLKConfig)
    RTC_Alarm_IRQHandler                     0x08002285   Thumb Code    42  rtc.o(i.RTC_Alarm_IRQHandler)
    RTC_ClearITPendingBit                    0x080022b5   Thumb Code    24  stm32f4xx_rtc.o(i.RTC_ClearITPendingBit)
    RTC_Config                               0x080022d1   Thumb Code   168  rtc.o(i.RTC_Config)
    RTC_GetITStatus                          0x08002385   Thumb Code    46  stm32f4xx_rtc.o(i.RTC_GetITStatus)
    RTC_ReadBackupRegister                   0x080023bd   Thumb Code    14  stm32f4xx_rtc.o(i.RTC_ReadBackupRegister)
    RTC_WaitForSynchro                       0x080023d1   Thumb Code    70  stm32f4xx_rtc.o(i.RTC_WaitForSynchro)
    RTC_WriteBackupRegister                  0x0800241d   Thumb Code    14  stm32f4xx_rtc.o(i.RTC_WriteBackupRegister)
    SDIO_ClearFlag                           0x080024f1   Thumb Code     6  stm32f4xx_sdio.o(i.SDIO_ClearFlag)
    SDIO_ClearITPendingBit                   0x080024fd   Thumb Code     6  stm32f4xx_sdio.o(i.SDIO_ClearITPendingBit)
    SDIO_ClockCmd                            0x08002509   Thumb Code     8  stm32f4xx_sdio.o(i.SDIO_ClockCmd)
    SDIO_DMACmd                              0x08002515   Thumb Code     6  stm32f4xx_sdio.o(i.SDIO_DMACmd)
    SDIO_DataConfig                          0x08002521   Thumb Code    42  stm32f4xx_sdio.o(i.SDIO_DataConfig)
    SDIO_DeInit                              0x08002551   Thumb Code    24  stm32f4xx_sdio.o(i.SDIO_DeInit)
    SDIO_GetCommandResponse                  0x08002569   Thumb Code     8  stm32f4xx_sdio.o(i.SDIO_GetCommandResponse)
    SDIO_GetFlagStatus                       0x08002575   Thumb Code    16  stm32f4xx_sdio.o(i.SDIO_GetFlagStatus)
    SDIO_GetITStatus                         0x08002589   Thumb Code    16  stm32f4xx_sdio.o(i.SDIO_GetITStatus)
    SDIO_GetPowerState                       0x0800259d   Thumb Code    10  stm32f4xx_sdio.o(i.SDIO_GetPowerState)
    SDIO_GetResponse                         0x080025ad   Thumb Code    12  stm32f4xx_sdio.o(i.SDIO_GetResponse)
    SDIO_IRQHandler                          0x080025bd   Thumb Code     4  fatfs_drv.o(i.SDIO_IRQHandler)
    SDIO_ITConfig                            0x080025c1   Thumb Code    18  stm32f4xx_sdio.o(i.SDIO_ITConfig)
    SDIO_Init                                0x080025d9   Thumb Code    40  stm32f4xx_sdio.o(i.SDIO_Init)
    SDIO_ReadData                            0x08002605   Thumb Code     6  stm32f4xx_sdio.o(i.SDIO_ReadData)
    SDIO_SendCommand                         0x08002611   Thumb Code    36  stm32f4xx_sdio.o(i.SDIO_SendCommand)
    SDIO_SetPowerState                       0x08002639   Thumb Code     6  stm32f4xx_sdio.o(i.SDIO_SetPowerState)
    SDRAM_GPIOConfig                         0x08002645   Thumb Code   516  stm32f429i_sdram.o(i.SDRAM_GPIOConfig)
    SDRAM_Init                               0x08002861   Thumb Code    94  stm32f429i_sdram.o(i.SDRAM_Init)
    SDRAM_InitSequence                       0x080028c1   Thumb Code   180  stm32f429i_sdram.o(i.SDRAM_InitSequence)
    SD_EnableWideBusOperation                0x08002979   Thumb Code   106  sdio_sd.o(i.SD_EnableWideBusOperation)
    SD_GetCardInfo                           0x080029ed   Thumb Code   604  sdio_sd.o(i.SD_GetCardInfo)
    SD_GetState                              0x08002c51   Thumb Code    40  sdio_sd.o(i.SD_GetState)
    SD_GetStatus                             0x08002c79   Thumb Code    26  sdio_sd.o(i.SD_GetStatus)
    SD_Init                                  0x08002c95   Thumb Code   124  sdio_sd.o(i.SD_Init)
    SD_InitializeCards                       0x08002d15   Thumb Code   244  sdio_sd.o(i.SD_InitializeCards)
    SD_LowLevel_DMA_RxConfig                 0x08002e11   Thumb Code   128  sdio_sd.o(i.SD_LowLevel_DMA_RxConfig)
    SD_LowLevel_DMA_TxConfig                 0x08002e99   Thumb Code   130  sdio_sd.o(i.SD_LowLevel_DMA_TxConfig)
    SD_LowLevel_Init                         0x08002f25   Thumb Code   156  sdio_sd.o(i.SD_LowLevel_Init)
    SD_PowerON                               0x08002fc9   Thumb Code   468  sdio_sd.o(i.SD_PowerON)
    SD_ProcessDMAIRQ                         0x080031ad   Thumb Code    30  sdio_sd.o(i.SD_ProcessDMAIRQ)
    SD_ProcessIRQSrc                         0x080031d5   Thumb Code   140  sdio_sd.o(i.SD_ProcessIRQSrc)
    SD_ReadMultiBlocks                       0x08003265   Thumb Code   180  sdio_sd.o(i.SD_ReadMultiBlocks)
    SD_SelectDeselect                        0x08003325   Thumb Code    40  sdio_sd.o(i.SD_SelectDeselect)
    SD_SendStatus                            0x08003351   Thumb Code    64  sdio_sd.o(i.SD_SendStatus)
    SD_StopTransfer                          0x08003399   Thumb Code    36  sdio_sd.o(i.SD_StopTransfer)
    SD_WaitReadOperation                     0x080033c1   Thumb Code    88  sdio_sd.o(i.SD_WaitReadOperation)
    SD_WaitWriteOperation                    0x08003421   Thumb Code    88  sdio_sd.o(i.SD_WaitWriteOperation)
    SD_WriteMultiBlocks                      0x08003481   Thumb Code   250  sdio_sd.o(i.SD_WriteMultiBlocks)
    SysTick_Handler                          0x08003659   Thumb Code    16  stm32f4xx_it.o(i.SysTick_Handler)
    SystemInit                               0x0800366d   Thumb Code    74  system_stm32f4xx.o(i.SystemInit)
    TIM2_IRQHandler                          0x080036c9   Thumb Code     8  stm32f4xx_it.o(i.TIM2_IRQHandler)
    TIM_ClearITPendingBit                    0x080036d1   Thumb Code     6  stm32f4xx_tim.o(i.TIM_ClearITPendingBit)
    USART2_IRQHandler                        0x080036d7   Thumb Code     2  stm32f4xx_it.o(i.USART2_IRQHandler)
    USART3_IRQHandler                        0x080036d9   Thumb Code     2  stm32f4xx_it.o(i.USART3_IRQHandler)
    UsageFault_Handler                       0x080036db   Thumb Code     2  stm32f4xx_it.o(i.UsageFault_Handler)
    __0printf$bare                           0x080036dd   Thumb Code     8  printfb.o(i.__0printf$bare)
    __1printf$bare                           0x080036dd   Thumb Code     0  printfb.o(i.__0printf$bare)
    __2printf                                0x080036dd   Thumb Code     0  printfb.o(i.__0printf$bare)
    __scatterload_copy                       0x080036ed   Thumb Code    14  handlers.o(i.__scatterload_copy)
    __scatterload_null                       0x080036fb   Thumb Code     2  handlers.o(i.__scatterload_null)
    __scatterload_zeroinit                   0x080036fd   Thumb Code    14  handlers.o(i.__scatterload_zeroinit)
    disk_initialize                          0x08003b55   Thumb Code    44  fatfs_drv.o(i.disk_initialize)
    disk_ioctl                               0x08003b81   Thumb Code    68  fatfs_drv.o(i.disk_ioctl)
    disk_read                                0x08003bc5   Thumb Code    46  fatfs_drv.o(i.disk_read)
    disk_status                              0x08003bf3   Thumb Code     8  fatfs_drv.o(i.disk_status)
    disk_write                               0x08003bfd   Thumb Code    46  fatfs_drv.o(i.disk_write)
    f_close                                  0x08003c2b   Thumb Code    30  ff.o(i.f_close)
    f_mount                                  0x08003c49   Thumb Code    72  ff.o(i.f_mount)
    f_open                                   0x08003c95   Thumb Code   432  ff.o(i.f_open)
    f_read                                   0x08003e49   Thumb Code   330  ff.o(i.f_read)
    f_sync                                   0x08003f95   Thumb Code   138  ff.o(i.f_sync)
    fputc                                    0x080042e5   Thumb Code    18  fputc.o(i.fputc)
    main                                     0x08004439   Thumb Code   382  main.o(i.main)
    ASCII16x24_Table                         0x080049b0   Data        4560  stm32f429i_lcd.o(.constdata)
    ASCII8x16_Table                          0x08005b80   Data        3072  stm32f429i_lcd.o(.constdata)
    Region$$Table$$Base                      0x0800681c   Number         0  anon$$obj.o(Region$$Table)
    Region$$Table$$Limit                     0x0800683c   Number         0  anon$$obj.o(Region$$Table)
    SystemCoreClock                          0x20000000   Data           4  system_stm32f4xx.o(.data)
    AHBPrescTable                            0x20000004   Data          16  system_stm32f4xx.o(.data)
    TransferError                            0x20000024   Data           1  sdio_sd.o(.data)
    StopCondition                            0x20000030   Data           4  sdio_sd.o(.data)
    TransferEnd                              0x20000034   Data           4  sdio_sd.o(.data)
    DMAEndOfTransfer                         0x20000038   Data           4  sdio_sd.o(.data)
    I2C2DEV                                  0x2000003c   Data          32  i2c_eeprom.o(.data)
    dout_0_7                                 0x2000005c   Data           1  dio.o(.data)
    dout_8_15                                0x2000005d   Data           1  dio.o(.data)
    dout_0_7_old                             0x2000005e   Data           1  dio.o(.data)
    dout_8_15_old                            0x2000005f   Data           1  dio.o(.data)
    CHAR_H                                   0x20000060   Data           1  stm32f429i_lcd.o(.data)
    CHAR_W                                   0x20000061   Data           1  stm32f429i_lcd.o(.data)
    Font16x24                                0x20000074   Data           8  stm32f429i_lcd.o(.data)
    RTC_Error                                0x2000007c   Data           1  rtc.o(.data)
    alarm_now                                0x2000007d   Data           1  rtc.o(.data)
    RTC_HandlerFlag                          0x2000007e   Data           1  rtc.o(.data)
    CaptureNumber                            0x20000080   Data           4  rtc.o(.data)
    PeriodValue                              0x20000084   Data           4  rtc.o(.data)
    RTC_Time                                 0x20000088   Data           4  rtc.o(.data)
    RTC_Date                                 0x2000008c   Data           4  rtc.o(.data)
    TM_RTC_Months                            0x20000090   Data          24  rtc.o(.data)
    system_config                            0x200000b0   Data           4  main.o(.data)
    Jump_To_Application                      0x200000b4   Data           4  main.o(.data)
    JumpAddress                              0x200000b8   Data           4  main.o(.data)
    TimingDelay                              0x200000bc   Data           4  main.o(.data)
    __stdout                                 0x200000d0   Data           4  stdout.o(.data)
    SDCardInfo                               0x20000108   Data          88  sdio_sd.o(.bss)
    SDIO_InitStructure                       0x20000160   Data          24  sdio_sd.o(.bss)
    SDIO_CmdInitStructure                    0x20000178   Data          20  sdio_sd.o(.bss)
    SDIO_DataInitStructure                   0x2000018c   Data          24  sdio_sd.o(.bss)
    file                                     0x200003a4   Data         552  command.o(.bss)
    fileR                                    0x200005cc   Data         552  command.o(.bss)
    fatfs                                    0x200007f4   Data         560  command.o(.bss)
    __initial_sp                             0x20001228   Data           0  startup_stm32f429_439xx.o(STACK)



==============================================================================

Memory Map of the image

  Image Entry point : 0x080001ad

  Load Region LR_IROM1 (Base: 0x08000000, Size: 0x00006910, Max: 0x00008000, ABSOLUTE)

    Execution Region ER_IROM1 (Exec base: 0x08000000, Load base: 0x08000000, Size: 0x0000683c, Max: 0x00008000, ABSOLUTE)

    Exec Addr    Load Addr    Size         Type   Attr      Idx    E Section Name        Object

    0x08000000   0x08000000   0x000001ac   Data   RO            3    RESET               startup_stm32f429_439xx.o
    0x080001ac   0x080001ac   0x00000000   Code   RO         5405  * .ARM.Collect$$$$00000000  mc_w.l(entry.o)
    0x080001ac   0x080001ac   0x00000004   Code   RO         5668    .ARM.Collect$$$$00000001  mc_w.l(entry2.o)
    0x080001b0   0x080001b0   0x00000004   Code   RO         5671    .ARM.Collect$$$$00000004  mc_w.l(entry5.o)
    0x080001b4   0x080001b4   0x00000000   Code   RO         5673    .ARM.Collect$$$$00000008  mc_w.l(entry7b.o)
    0x080001b4   0x080001b4   0x00000000   Code   RO         5675    .ARM.Collect$$$$0000000A  mc_w.l(entry8b.o)
    0x080001b4   0x080001b4   0x00000008   Code   RO         5676    .ARM.Collect$$$$0000000B  mc_w.l(entry9a.o)
    0x080001bc   0x080001bc   0x00000000   Code   RO         5678    .ARM.Collect$$$$0000000D  mc_w.l(entry10a.o)
    0x080001bc   0x080001bc   0x00000000   Code   RO         5680    .ARM.Collect$$$$0000000F  mc_w.l(entry11a.o)
    0x080001bc   0x080001bc   0x00000004   Code   RO         5669    .ARM.Collect$$$$00002712  mc_w.l(entry2.o)
    0x080001c0   0x080001c0   0x00000024   Code   RO            4    .text               startup_stm32f429_439xx.o
    0x080001e4   0x080001e4   0x00000024   Code   RO         5700    .text               mc_w.l(init.o)
    0x08000208   0x08000208   0x00000000   Code   RO         5702    .text               mc_w.l(semi.o)
    0x08000208   0x08000208   0x00000000   Code   RO         5709    .text               mc_w.l(iusesemip.o)
    0x08000208   0x08000208   0x00000134   Code   RO         5138    i.ApplicationExe    main.o
    0x0800033c   0x0800033c   0x00000010   Code   RO         4227    i.BUZZER_Off        dio.o
    0x0800034c   0x0800034c   0x00000010   Code   RO         4228    i.BUZZER_On         dio.o
    0x0800035c   0x0800035c   0x00000002   Code   RO         5272    i.BusFault_Handler  stm32f4xx_it.o
    0x0800035e   0x0800035e   0x00000002   Code   RO         5273    i.CAN1_RX0_IRQHandler  stm32f4xx_it.o
    0x08000360   0x08000360   0x00000002   Code   RO         5274    i.CAN2_RX0_IRQHandler  stm32f4xx_it.o
    0x08000362   0x08000362   0x00000002   PAD
    0x08000364   0x08000364   0x00000270   Code   RO         5219    i.COMMAND_Download  command.o
    0x080005d4   0x080005d4   0x00000130   Code   RO         5221    i.COMMAND_ProgramFlashMemory  command.o
    0x08000704   0x08000704   0x000000e8   Code   RO         3897    i.CmdResp1Error     sdio_sd.o
    0x080007ec   0x080007ec   0x00000034   Code   RO         3898    i.CmdResp2Error     sdio_sd.o
    0x08000820   0x08000820   0x00000070   Code   RO         3899    i.CmdResp6Error     sdio_sd.o
    0x08000890   0x08000890   0x00000218   Code   RO         4229    i.DIO_Init          dio.o
    0x08000aa8   0x08000aa8   0x000000b8   Code   RO         4230    i.DIO_WriteByte     dio.o
    0x08000b60   0x08000b60   0x00000004   Code   RO         5026    i.DMA2_Stream3_IRQHandler  fatfs_drv.o
    0x08000b64   0x08000b64   0x0000002c   Code   RO         2087    i.DMA_ClearFlag     stm32f4xx_dma.o
    0x08000b90   0x08000b90   0x00000014   Code   RO         2089    i.DMA_Cmd           stm32f4xx_dma.o
    0x08000ba4   0x08000ba4   0x00000124   Code   RO         2090    i.DMA_DeInit        stm32f4xx_dma.o
    0x08000cc8   0x08000cc8   0x00000014   Code   RO         2093    i.DMA_FlowControllerConfig  stm32f4xx_dma.o
    0x08000cdc   0x08000cdc   0x0000002c   Code   RO         2100    i.DMA_ITConfig      stm32f4xx_dma.o
    0x08000d08   0x08000d08   0x00000054   Code   RO         2101    i.DMA_Init          stm32f4xx_dma.o
    0x08000d5c   0x08000d5c   0x00000034   Code   RO         4231    i.DOUT_Service      dio.o
    0x08000d90   0x08000d90   0x00000002   Code   RO         5275    i.DebugMon_Handler  stm32f4xx_it.o
    0x08000d92   0x08000d92   0x00000002   PAD
    0x08000d94   0x08000d94   0x00000014   Code   RO         5139    i.Delay             main.o
    0x08000da8   0x08000da8   0x00000018   Code   RO         5276    i.EXTI0_IRQHandler  stm32f4xx_it.o
    0x08000dc0   0x08000dc0   0x0000004e   Code   RO         5277    i.EXTI15_10_IRQHandler  stm32f4xx_it.o
    0x08000e0e   0x08000e0e   0x00000018   Code   RO         5278    i.EXTI1_IRQHandler  stm32f4xx_it.o
    0x08000e26   0x08000e26   0x00000018   Code   RO         5279    i.EXTI2_IRQHandler  stm32f4xx_it.o
    0x08000e3e   0x08000e3e   0x00000018   Code   RO         5280    i.EXTI3_IRQHandler  stm32f4xx_it.o
    0x08000e56   0x08000e56   0x00000018   Code   RO         5281    i.EXTI4_IRQHandler  stm32f4xx_it.o
    0x08000e6e   0x08000e6e   0x0000004a   Code   RO         5282    i.EXTI9_5_IRQHandler  stm32f4xx_it.o
    0x08000eb8   0x08000eb8   0x0000000c   Code   RO          427    i.EXTI_ClearITPendingBit  stm32f4xx_exti.o
    0x08000ec4   0x08000ec4   0x00000014   Code   RO          431    i.EXTI_GetITStatus  stm32f4xx_exti.o
    0x08000ed8   0x08000ed8   0x0000006c   Code   RO          494    i.FLASH_EraseSector  stm32f4xx_flash.o
    0x08000f44   0x08000f44   0x0000003c   Code   RO          496    i.FLASH_GetStatus   stm32f4xx_flash.o
    0x08000f80   0x08000f80   0x00000030   Code   RO         5092    i.FLASH_If_EraseSectors  flash_if.o
    0x08000fb0   0x08000fb0   0x00000004   Code   RO         5093    i.FLASH_If_FlashUnlock  flash_if.o
    0x08000fb4   0x08000fb4   0x000000bc   Code   RO         5094    i.FLASH_If_GetSectorNumber  flash_if.o
    0x08001070   0x08001070   0x00000004   Code   RO         5095    i.FLASH_If_ProgramWord  flash_if.o
    0x08001074   0x08001074   0x0000003c   Code   RO          524    i.FLASH_ProgramWord  stm32f4xx_flash.o
    0x080010b0   0x080010b0   0x00000024   Code   RO          526    i.FLASH_Unlock      stm32f4xx_flash.o
    0x080010d4   0x080010d4   0x0000001e   Code   RO          527    i.FLASH_WaitForLastOperation  stm32f4xx_flash.o
    0x080010f2   0x080010f2   0x00000036   Code   RO         2576    i.FMC_GetFlagStatus  stm32f4xx_fmc.o
    0x08001128   0x08001128   0x00000022   Code   RO         2593    i.FMC_SDRAMCmdConfig  stm32f4xx_fmc.o
    0x0800114a   0x0800114a   0x00000002   PAD
    0x0800114c   0x0800114c   0x00000120   Code   RO         2595    i.FMC_SDRAMInit     stm32f4xx_fmc.o
    0x0800126c   0x0800126c   0x00000012   Code   RO         2599    i.FMC_SetRefreshCount  stm32f4xx_fmc.o
    0x0800127e   0x0800127e   0x0000000e   Code   RO         5140    i.Fail_Handler      main.o
    0x0800128c   0x0800128c   0x00000134   Code   RO         3900    i.FindSCR           sdio_sd.o
    0x080013c0   0x080013c0   0x000000a2   Code   RO          743    i.GPIO_Init         stm32f4xx_gpio.o
    0x08001462   0x08001462   0x00000020   Code   RO          744    i.GPIO_PinAFConfig  stm32f4xx_gpio.o
    0x08001482   0x08001482   0x0000000e   Code   RO          747    i.GPIO_ReadInputDataBit  stm32f4xx_gpio.o
    0x08001490   0x08001490   0x00000004   Code   RO          750    i.GPIO_ResetBits    stm32f4xx_gpio.o
    0x08001494   0x08001494   0x00000004   Code   RO          751    i.GPIO_SetBits      stm32f4xx_gpio.o
    0x08001498   0x08001498   0x0000000a   Code   RO          755    i.GPIO_WriteBit     stm32f4xx_gpio.o
    0x080014a2   0x080014a2   0x00000002   PAD
    0x080014a4   0x080014a4   0x00000018   Code   RO         5283    i.HardFault_Handler  stm32f4xx_it.o
    0x080014bc   0x080014bc   0x00000044   Code   RO         4127    i.I2C2_Init         i2c_eeprom.o
    0x08001500   0x08001500   0x00000014   Code   RO         3078    i.I2C_AcknowledgeConfig  stm32f4xx_i2c.o
    0x08001514   0x08001514   0x00000014   Code   RO         3084    i.I2C_Cmd           stm32f4xx_i2c.o
    0x08001528   0x08001528   0x00000044   Code   RO         3087    i.I2C_DeInit        stm32f4xx_i2c.o
    0x0800156c   0x0800156c   0x00000030   Code   RO         4128    i.I2C_EEPROM_timeout  i2c_eeprom.o
    0x0800159c   0x0800159c   0x0000007c   Code   RO         4130    i.I2C_EERPOM_Init   i2c_eeprom.o
    0x08001618   0x08001618   0x000001ac   Code   RO         4132    i.I2C_EERPOM_ReadByte16  i2c_eeprom.o
    0x080017c4   0x080017c4   0x00000114   Code   RO         4136    i.I2C_EERPOM_WriteByte16  i2c_eeprom.o
    0x080018d8   0x080018d8   0x00000014   Code   RO         3092    i.I2C_GenerateSTART  stm32f4xx_i2c.o
    0x080018ec   0x080018ec   0x00000014   Code   RO         3093    i.I2C_GenerateSTOP  stm32f4xx_i2c.o
    0x08001900   0x08001900   0x0000002a   Code   RO         3094    i.I2C_GetFlagStatus  stm32f4xx_i2c.o
    0x0800192a   0x0800192a   0x00000002   PAD
    0x0800192c   0x0800192c   0x000000b8   Code   RO         3099    i.I2C_Init          stm32f4xx_i2c.o
    0x080019e4   0x080019e4   0x00000006   Code   RO         3104    i.I2C_ReceiveData   stm32f4xx_i2c.o
    0x080019ea   0x080019ea   0x00000010   Code   RO         3106    i.I2C_Send7bitAddress  stm32f4xx_i2c.o
    0x080019fa   0x080019fa   0x00000004   Code   RO         3107    i.I2C_SendData      stm32f4xx_i2c.o
    0x080019fe   0x080019fe   0x00000014   Code   RO         3108    i.I2C_SoftwareResetCmd  stm32f4xx_i2c.o
    0x08001a12   0x08001a12   0x00000002   PAD
    0x08001a14   0x08001a14   0x00000194   Code   RO         4288    i.LCD_AF_GPIOConfig  stm32f429i_lcd.o
    0x08001ba8   0x08001ba8   0x0000001c   Code   RO         4289    i.LCD_Clear         stm32f429i_lcd.o
    0x08001bc4   0x08001bc4   0x00000020   Code   RO         4294    i.LCD_DisplayChar   stm32f429i_lcd.o
    0x08001be4   0x08001be4   0x0000001c   Code   RO         4296    i.LCD_DisplayOn     stm32f429i_lcd.o
    0x08001c00   0x08001c00   0x00000044   Code   RO         4298    i.LCD_DisplayStringLine  stm32f429i_lcd.o
    0x08001c44   0x08001c44   0x0000008c   Code   RO         4299    i.LCD_DrawChar      stm32f429i_lcd.o
    0x08001cd0   0x08001cd0   0x0000000c   Code   RO         4313    i.LCD_GetFont       stm32f429i_lcd.o
    0x08001cdc   0x08001cdc   0x00000086   Code   RO         4314    i.LCD_Init          stm32f429i_lcd.o
    0x08001d62   0x08001d62   0x00000002   PAD
    0x08001d64   0x08001d64   0x000000a8   Code   RO         4315    i.LCD_LayerInit     stm32f429i_lcd.o
    0x08001e0c   0x08001e0c   0x0000000c   Code   RO         4321    i.LCD_SetBackColor  stm32f429i_lcd.o
    0x08001e18   0x08001e18   0x00000020   Code   RO         4327    i.LCD_SetLayer      stm32f429i_lcd.o
    0x08001e38   0x08001e38   0x0000000c   Code   RO         4328    i.LCD_SetTextColor  stm32f429i_lcd.o
    0x08001e44   0x08001e44   0x00000020   Code   RO         4232    i.LED_Toggle        dio.o
    0x08001e64   0x08001e64   0x0000001c   Code   RO         2888    i.LTDC_Cmd          stm32f4xx_ltdc.o
    0x08001e80   0x08001e80   0x0000001c   Code   RO         2892    i.LTDC_DitherCmd    stm32f4xx_ltdc.o
    0x08001e9c   0x08001e9c   0x000000a8   Code   RO         2899    i.LTDC_Init         stm32f4xx_ltdc.o
    0x08001f44   0x08001f44   0x00000014   Code   RO         2903    i.LTDC_LayerCmd     stm32f4xx_ltdc.o
    0x08001f58   0x08001f58   0x00000096   Code   RO         2904    i.LTDC_LayerInit    stm32f4xx_ltdc.o
    0x08001fee   0x08001fee   0x00000002   PAD
    0x08001ff0   0x08001ff0   0x0000000c   Code   RO         2911    i.LTDC_ReloadConfig  stm32f4xx_ltdc.o
    0x08001ffc   0x08001ffc   0x00000002   Code   RO         5284    i.MemManage_Handler  stm32f4xx_it.o
    0x08001ffe   0x08001ffe   0x00000002   Code   RO         5285    i.NMI_Handler       stm32f4xx_it.o
    0x08002000   0x08002000   0x00000064   Code   RO          156    i.NVIC_Init         misc.o
    0x08002064   0x08002064   0x00000014   Code   RO          157    i.NVIC_PriorityGroupConfig  misc.o
    0x08002078   0x08002078   0x0000000c   Code   RO          840    i.PWR_BackupAccessCmd  stm32f4xx_pwr.o
    0x08002084   0x08002084   0x00000018   Code   RO          962    i.RCC_AHB1PeriphClockCmd  stm32f4xx_rcc.o
    0x0800209c   0x0800209c   0x00000018   Code   RO          968    i.RCC_AHB3PeriphClockCmd  stm32f4xx_rcc.o
    0x080020b4   0x080020b4   0x00000018   Code   RO          971    i.RCC_APB1PeriphClockCmd  stm32f4xx_rcc.o
    0x080020cc   0x080020cc   0x00000018   Code   RO          973    i.RCC_APB1PeriphResetCmd  stm32f4xx_rcc.o
    0x080020e4   0x080020e4   0x00000018   Code   RO          974    i.RCC_APB2PeriphClockCmd  stm32f4xx_rcc.o
    0x080020fc   0x080020fc   0x00000018   Code   RO          976    i.RCC_APB2PeriphResetCmd  stm32f4xx_rcc.o
    0x08002114   0x08002114   0x0000000c   Code   RO          978    i.RCC_BackupResetCmd  stm32f4xx_rcc.o
    0x08002120   0x08002120   0x00000010   Code   RO          979    i.RCC_ClearFlag     stm32f4xx_rcc.o
    0x08002130   0x08002130   0x00000094   Code   RO          983    i.RCC_GetClocksFreq  stm32f4xx_rcc.o
    0x080021c4   0x080021c4   0x00000034   Code   RO          984    i.RCC_GetFlagStatus  stm32f4xx_rcc.o
    0x080021f8   0x080021f8   0x0000001c   Code   RO          992    i.RCC_LSEConfig     stm32f4xx_rcc.o
    0x08002214   0x08002214   0x00000014   Code   RO          995    i.RCC_LTDCCLKDivConfig  stm32f4xx_rcc.o
    0x08002228   0x08002228   0x0000000c   Code   RO         1004    i.RCC_PLLSAICmd     stm32f4xx_rcc.o
    0x08002234   0x08002234   0x00000014   Code   RO         1005    i.RCC_PLLSAIConfig  stm32f4xx_rcc.o
    0x08002248   0x08002248   0x0000000c   Code   RO         1006    i.RCC_RTCCLKCmd     stm32f4xx_rcc.o
    0x08002254   0x08002254   0x00000030   Code   RO         1007    i.RCC_RTCCLKConfig  stm32f4xx_rcc.o
    0x08002284   0x08002284   0x00000030   Code   RO         4658    i.RTC_Alarm_IRQHandler  rtc.o
    0x080022b4   0x080022b4   0x0000001c   Code   RO         3552    i.RTC_ClearITPendingBit  stm32f4xx_rtc.o
    0x080022d0   0x080022d0   0x000000b4   Code   RO         4659    i.RTC_Config        rtc.o
    0x08002384   0x08002384   0x00000038   Code   RO         3564    i.RTC_GetITStatus   stm32f4xx_rtc.o
    0x080023bc   0x080023bc   0x00000014   Code   RO         3575    i.RTC_ReadBackupRegister  stm32f4xx_rtc.o
    0x080023d0   0x080023d0   0x0000004c   Code   RO         3595    i.RTC_WaitForSynchro  stm32f4xx_rtc.o
    0x0800241c   0x0800241c   0x00000014   Code   RO         3598    i.RTC_WriteBackupRegister  stm32f4xx_rtc.o
    0x08002430   0x08002430   0x000000c0   Code   RO         3902    i.SDEnWideBus       sdio_sd.o
    0x080024f0   0x080024f0   0x0000000c   Code   RO         2216    i.SDIO_ClearFlag    stm32f4xx_sdio.o
    0x080024fc   0x080024fc   0x0000000c   Code   RO         2217    i.SDIO_ClearITPendingBit  stm32f4xx_sdio.o
    0x08002508   0x08002508   0x0000000c   Code   RO         2218    i.SDIO_ClockCmd     stm32f4xx_sdio.o
    0x08002514   0x08002514   0x0000000c   Code   RO         2221    i.SDIO_DMACmd       stm32f4xx_sdio.o
    0x08002520   0x08002520   0x00000030   Code   RO         2222    i.SDIO_DataConfig   stm32f4xx_sdio.o
    0x08002550   0x08002550   0x00000018   Code   RO         2224    i.SDIO_DeInit       stm32f4xx_sdio.o
    0x08002568   0x08002568   0x0000000c   Code   RO         2225    i.SDIO_GetCommandResponse  stm32f4xx_sdio.o
    0x08002574   0x08002574   0x00000014   Code   RO         2228    i.SDIO_GetFlagStatus  stm32f4xx_sdio.o
    0x08002588   0x08002588   0x00000014   Code   RO         2229    i.SDIO_GetITStatus  stm32f4xx_sdio.o
    0x0800259c   0x0800259c   0x00000010   Code   RO         2230    i.SDIO_GetPowerState  stm32f4xx_sdio.o
    0x080025ac   0x080025ac   0x00000010   Code   RO         2231    i.SDIO_GetResponse  stm32f4xx_sdio.o
    0x080025bc   0x080025bc   0x00000004   Code   RO         5027    i.SDIO_IRQHandler   fatfs_drv.o
    0x080025c0   0x080025c0   0x00000018   Code   RO         2232    i.SDIO_ITConfig     stm32f4xx_sdio.o
    0x080025d8   0x080025d8   0x0000002c   Code   RO         2233    i.SDIO_Init         stm32f4xx_sdio.o
    0x08002604   0x08002604   0x0000000c   Code   RO         2234    i.SDIO_ReadData     stm32f4xx_sdio.o
    0x08002610   0x08002610   0x00000028   Code   RO         2236    i.SDIO_SendCommand  stm32f4xx_sdio.o
    0x08002638   0x08002638   0x0000000c   Code   RO         2238    i.SDIO_SetPowerState  stm32f4xx_sdio.o
    0x08002644   0x08002644   0x0000021c   Code   RO         4613    i.SDRAM_GPIOConfig  stm32f429i_sdram.o
    0x08002860   0x08002860   0x0000005e   Code   RO         4614    i.SDRAM_Init        stm32f429i_sdram.o
    0x080028be   0x080028be   0x00000002   PAD
    0x080028c0   0x080028c0   0x000000b8   Code   RO         4615    i.SDRAM_InitSequence  stm32f429i_sdram.o
    0x08002978   0x08002978   0x00000074   Code   RO         3905    i.SD_EnableWideBusOperation  sdio_sd.o
    0x080029ec   0x080029ec   0x00000264   Code   RO         3907    i.SD_GetCardInfo    sdio_sd.o
    0x08002c50   0x08002c50   0x00000028   Code   RO         3909    i.SD_GetState       sdio_sd.o
    0x08002c78   0x08002c78   0x0000001a   Code   RO         3910    i.SD_GetStatus      sdio_sd.o
    0x08002c92   0x08002c92   0x00000002   PAD
    0x08002c94   0x08002c94   0x00000080   Code   RO         3912    i.SD_Init           sdio_sd.o
    0x08002d14   0x08002d14   0x000000fc   Code   RO         3913    i.SD_InitializeCards  sdio_sd.o
    0x08002e10   0x08002e10   0x00000088   Code   RO         3914    i.SD_LowLevel_DMA_RxConfig  sdio_sd.o
    0x08002e98   0x08002e98   0x0000008c   Code   RO         3915    i.SD_LowLevel_DMA_TxConfig  sdio_sd.o
    0x08002f24   0x08002f24   0x000000a4   Code   RO         3917    i.SD_LowLevel_Init  sdio_sd.o
    0x08002fc8   0x08002fc8   0x000001e4   Code   RO         3919    i.SD_PowerON        sdio_sd.o
    0x080031ac   0x080031ac   0x00000028   Code   RO         3920    i.SD_ProcessDMAIRQ  sdio_sd.o
    0x080031d4   0x080031d4   0x00000090   Code   RO         3921    i.SD_ProcessIRQSrc  sdio_sd.o
    0x08003264   0x08003264   0x000000c0   Code   RO         3923    i.SD_ReadMultiBlocks  sdio_sd.o
    0x08003324   0x08003324   0x0000002c   Code   RO         3924    i.SD_SelectDeselect  sdio_sd.o
    0x08003350   0x08003350   0x00000048   Code   RO         3926    i.SD_SendStatus     sdio_sd.o
    0x08003398   0x08003398   0x00000028   Code   RO         3927    i.SD_StopTransfer   sdio_sd.o
    0x080033c0   0x080033c0   0x00000060   Code   RO         3928    i.SD_WaitReadOperation  sdio_sd.o
    0x08003420   0x08003420   0x00000060   Code   RO         3929    i.SD_WaitWriteOperation  sdio_sd.o
    0x08003480   0x08003480   0x00000108   Code   RO         3931    i.SD_WriteMultiBlocks  sdio_sd.o
    0x08003588   0x08003588   0x000000d0   Code   RO           12    i.SetSysClock       system_stm32f4xx.o
    0x08003658   0x08003658   0x00000014   Code   RO         5286    i.SysTick_Handler   stm32f4xx_it.o
    0x0800366c   0x0800366c   0x0000005c   Code   RO           14    i.SystemInit        system_stm32f4xx.o
    0x080036c8   0x080036c8   0x00000008   Code   RO         5287    i.TIM2_IRQHandler   stm32f4xx_it.o
    0x080036d0   0x080036d0   0x00000006   Code   RO         1361    i.TIM_ClearITPendingBit  stm32f4xx_tim.o
    0x080036d6   0x080036d6   0x00000002   Code   RO         5288    i.USART2_IRQHandler  stm32f4xx_it.o
    0x080036d8   0x080036d8   0x00000002   Code   RO         5289    i.USART3_IRQHandler  stm32f4xx_it.o
    0x080036da   0x080036da   0x00000002   Code   RO         5290    i.UsageFault_Handler  stm32f4xx_it.o
    0x080036dc   0x080036dc   0x00000010   Code   RO         5409    i.__0printf$bare    mc_w.l(printfb.o)
    0x080036ec   0x080036ec   0x0000000e   Code   RO         5714    i.__scatterload_copy  mc_w.l(handlers.o)
    0x080036fa   0x080036fa   0x00000002   Code   RO         5715    i.__scatterload_null  mc_w.l(handlers.o)
    0x080036fc   0x080036fc   0x0000000e   Code   RO         5716    i.__scatterload_zeroinit  mc_w.l(handlers.o)
    0x0800370a   0x0800370a   0x00000022   Code   RO         5416    i._printf_core      mc_w.l(printfb.o)
    0x0800372c   0x0800372c   0x00000070   Code   RO         4719    i.check_fs          ff.o
    0x0800379c   0x0800379c   0x00000018   Code   RO         4720    i.clust2sect        ff.o
    0x080037b4   0x080037b4   0x000000a4   Code   RO         4721    i.create_chain      ff.o
    0x08003858   0x08003858   0x000000bc   Code   RO         4722    i.create_name       ff.o
    0x08003914   0x08003914   0x00000064   Code   RO         4723    i.dir_find          ff.o
    0x08003978   0x08003978   0x000000f4   Code   RO         4724    i.dir_next          ff.o
    0x08003a6c   0x08003a6c   0x00000066   Code   RO         4726    i.dir_register      ff.o
    0x08003ad2   0x08003ad2   0x00000082   Code   RO         4728    i.dir_sdi           ff.o
    0x08003b54   0x08003b54   0x0000002c   Code   RO         5028    i.disk_initialize   fatfs_drv.o
    0x08003b80   0x08003b80   0x00000044   Code   RO         5029    i.disk_ioctl        fatfs_drv.o
    0x08003bc4   0x08003bc4   0x0000002e   Code   RO         5030    i.disk_read         fatfs_drv.o
    0x08003bf2   0x08003bf2   0x00000008   Code   RO         5031    i.disk_status       fatfs_drv.o
    0x08003bfa   0x08003bfa   0x00000002   PAD
    0x08003bfc   0x08003bfc   0x0000002e   Code   RO         5032    i.disk_write        fatfs_drv.o
    0x08003c2a   0x08003c2a   0x0000001e   Code   RO         4729    i.f_close           ff.o
    0x08003c48   0x08003c48   0x0000004c   Code   RO         4736    i.f_mount           ff.o
    0x08003c94   0x08003c94   0x000001b4   Code   RO         4737    i.f_open            ff.o
    0x08003e48   0x08003e48   0x0000014a   Code   RO         4742    i.f_read            ff.o
    0x08003f92   0x08003f92   0x00000002   PAD
    0x08003f94   0x08003f94   0x00000090   Code   RO         4746    i.f_sync            ff.o
    0x08004024   0x08004024   0x0000024c   Code   RO         4750    i.find_volume       ff.o
    0x08004270   0x08004270   0x00000074   Code   RO         4751    i.follow_path       ff.o
    0x080042e4   0x080042e4   0x00000012   Code   RO         5682    i.fputc             mc_w.l(fputc.o)
    0x080042f6   0x080042f6   0x000000be   Code   RO         4752    i.get_fat           ff.o
    0x080043b4   0x080043b4   0x0000003c   Code   RO         4754    i.get_ldnumber      ff.o
    0x080043f0   0x080043f0   0x00000026   Code   RO         4755    i.ld_clust          ff.o
    0x08004416   0x08004416   0x00000016   Code   RO         4756    i.ld_dword          ff.o
    0x0800442c   0x0800442c   0x0000000a   Code   RO         4757    i.ld_word           ff.o
    0x08004436   0x08004436   0x00000002   PAD
    0x08004438   0x08004438   0x00000278   Code   RO         5141    i.main              main.o
    0x080046b0   0x080046b0   0x00000012   Code   RO         4758    i.mem_cpy           ff.o
    0x080046c2   0x080046c2   0x00000002   PAD
    0x080046c4   0x080046c4   0x0000000e   Code   RO         4759    i.mem_set           ff.o
    0x080046d2   0x080046d2   0x00000032   Code   RO         4760    i.move_window       ff.o
    0x08004704   0x08004704   0x000000ea   Code   RO         4761    i.put_fat           ff.o
    0x080047ee   0x080047ee   0x00000074   Code   RO         4764    i.remove_chain      ff.o
    0x08004862   0x08004862   0x00000028   Code   RO         4765    i.st_clust          ff.o
    0x0800488a   0x0800488a   0x00000010   Code   RO         4766    i.st_dword          ff.o
    0x0800489a   0x0800489a   0x00000008   Code   RO         4767    i.st_word           ff.o
    0x080048a2   0x080048a2   0x00000002   PAD
    0x080048a4   0x080048a4   0x00000088   Code   RO         4768    i.sync_fs           ff.o
    0x0800492c   0x0800492c   0x00000052   Code   RO         4769    i.sync_window       ff.o
    0x0800497e   0x0800497e   0x00000032   Code   RO         4770    i.validate          ff.o
    0x080049b0   0x080049b0   0x00001dd0   Data   RO         4337    .constdata          stm32f429i_lcd.o
    0x08006780   0x08006780   0x0000009c   Data   RO         4771    .constdata          ff.o
    0x0800681c   0x0800681c   0x00000020   Data   RO         5712    Region$$Table       anon$$obj.o


    Execution Region RW_IRAM1 (Exec base: 0x20000000, Load base: 0x0800683c, Size: 0x00001228, Max: 0x00030000, ABSOLUTE)

    Exec Addr    Load Addr    Size         Type   Attr      Idx    E Section Name        Object

    0x20000000   0x0800683c   0x00000014   Data   RW           15    .data               system_stm32f4xx.o
    0x20000014   0x08006850   0x00000010   Data   RW         1015    .data               stm32f4xx_rcc.o
    0x20000024   0x08006860   0x00000018   Data   RW         3934    .data               sdio_sd.o
    0x2000003c   0x08006878   0x00000020   Data   RW         4141    .data               i2c_eeprom.o
    0x2000005c   0x08006898   0x00000004   Data   RW         4233    .data               dio.o
    0x20000060   0x0800689c   0x0000001c   Data   RW         4341    .data               stm32f429i_lcd.o
    0x2000007c   0x080068b8   0x0000002c   Data   RW         4665    .data               rtc.o
    0x200000a8   0x080068e4   0x00000008   Data   RW         4772    .data               ff.o
    0x200000b0   0x080068ec   0x00000010   Data   RW         5144    .data               main.o
    0x200000c0   0x080068fc   0x00000010   Data   RW         5227    .data               command.o
    0x200000d0   0x0800690c   0x00000004   Data   RW         5684    .data               mc_w.l(stdout.o)
    0x200000d4   0x08006910   0x00000004   PAD
    0x200000d8        -       0x000000cc   Zero   RW         3933    .bss                sdio_sd.o
    0x200001a4        -       0x00000650   Zero   RW         5223    .bss                command.o
    0x200007f4        -       0x00000230   Zero   RW         5224    .bss                command.o
    0x20000a24   0x08006910   0x00000004   PAD
    0x20000a28        -       0x00000800   Zero   RW            1    STACK               startup_stm32f429_439xx.o


==============================================================================

Image component sizes


      Code (inc. data)   RO Data    RW Data    ZI Data      Debug   Object Name

       928        432          0         16       2176       2203   command.o
       836         62          0          4          0       4252   dio.o
       220          0          0          0          0       4746   fatfs_drv.o
      3868         66        156          8          0      35696   ff.o
       244         42          0          0          0       3842   flash_if.o
       944         38          0         32          0       7048   i2c_eeprom.o
       974        388          0         16          0       4649   main.o
       120         14          0          0          0       1679   misc.o
       228         18          0         44          0      29595   rtc.o
      3982        186          0         24        204      28025   sdio_sd.o
        36          8        428          0       2048        964   startup_stm32f429_439xx.o
      1070         90       7632         28          0       9837   stm32f429i_lcd.o
       818         28          0          0          0       2573   stm32f429i_sdram.o
       504         36          0          0          0       5584   stm32f4xx_dma.o
        32         10          0          0          0       1260   stm32f4xx_exti.o
       294         26          0          0          0       4022   stm32f4xx_flash.o
       394          4          0          0          0      17855   stm32f4xx_fmc.o
       226          0          0          0          0       4507   stm32f4xx_gpio.o
       420         22          0          0          0       7843   stm32f4xx_i2c.o
       342         20          0          0          0       9492   stm32f4xx_it.o
       406         30          0          0          0       4473   stm32f4xx_ltdc.o
        12          6          0          0          0        582   stm32f4xx_pwr.o
       512        104          0         16          0      12468   stm32f4xx_rcc.o
       200         32          0          0          0       4573   stm32f4xx_rtc.o
       336         76          0          0          0      11522   stm32f4xx_sdio.o
         6          0          0          0          0       2219   stm32f4xx_tim.o
       300         36          0         20          0     350753   system_stm32f4xx.o

    ----------------------------------------------------------------------
     18282       1774       8248        208       4432     572262   Object Totals
         0          0         32          0          0          0   (incl. Generated)
        30          0          0          0          4          0   (incl. Padding)

    ----------------------------------------------------------------------

      Code (inc. data)   RO Data    RW Data    ZI Data      Debug   Library Member Name

         0          0          0          0          0          0   entry.o
         0          0          0          0          0          0   entry10a.o
         0          0          0          0          0          0   entry11a.o
         8          4          0          0          0          0   entry2.o
         4          0          0          0          0          0   entry5.o
         0          0          0          0          0          0   entry7b.o
         0          0          0          0          0          0   entry8b.o
         8          4          0          0          0          0   entry9a.o
        18          0          0          0          0         80   fputc.o
        30          0          0          0          0          0   handlers.o
        36          8          0          0          0         68   init.o
         0          0          0          0          0          0   iusesemip.o
        50          8          0          0          0        152   printfb.o
         0          0          0          0          0          0   semi.o
         0          0          0          4          0          0   stdout.o

    ----------------------------------------------------------------------
       154         24          0          4          4        300   Library Totals
         0          0          0          0          4          0   (incl. Padding)

    ----------------------------------------------------------------------

      Code (inc. data)   RO Data    RW Data    ZI Data      Debug   Library Name

       154         24          0          4          0        300   mc_w.l

    ----------------------------------------------------------------------
       154         24          0          4          4        300   Library Totals

    ----------------------------------------------------------------------

==============================================================================


      Code (inc. data)   RO Data    RW Data    ZI Data      Debug   

     18436       1798       8248        212       4436     553262   Grand Totals
     18436       1798       8248        212       4436     553262   ELF Image Totals
     18436       1798       8248        212          0          0   ROM Totals

==============================================================================

    Total RO  Size (Code + RO Data)                26684 (  26.06kB)
    Total RW  Size (RW Data + ZI Data)              4648 (   4.54kB)
    Total ROM Size (Code + RO Data + RW Data)      26896 (  26.27kB)

==============================================================================

